Archive member included to satisfy reference by file (symbol)

c:/st/stm32cubeide_1.12.1/stm32cubeide/plugins/com.st.stm32cube.ide.mcu.externaltools.gnu-tools-for-stm32.10.3-2021.10.win32_1.0.200.202301161003/tools/bin/../lib/gcc/arm-none-eabi/10.3.1/../../../../arm-none-eabi/lib/thumb/v7e-m+fp/hard\libc_nano.a(lib_a-errno.o)
                              ./Core/Src/syscalls.o (__errno)
c:/st/stm32cubeide_1.12.1/stm32cubeide/plugins/com.st.stm32cube.ide.mcu.externaltools.gnu-tools-for-stm32.10.3-2021.10.win32_1.0.200.202301161003/tools/bin/../lib/gcc/arm-none-eabi/10.3.1/../../../../arm-none-eabi/lib/thumb/v7e-m+fp/hard\libc_nano.a(lib_a-exit.o)
                              c:/st/stm32cubeide_1.12.1/stm32cubeide/plugins/com.st.stm32cube.ide.mcu.externaltools.gnu-tools-for-stm32.10.3-2021.10.win32_1.0.200.202301161003/tools/bin/../lib/gcc/arm-none-eabi/10.3.1/../../../../arm-none-eabi/lib/thumb/v7e-m+fp/hard/crt0.o (exit)
c:/st/stm32cubeide_1.12.1/stm32cubeide/plugins/com.st.stm32cube.ide.mcu.externaltools.gnu-tools-for-stm32.10.3-2021.10.win32_1.0.200.202301161003/tools/bin/../lib/gcc/arm-none-eabi/10.3.1/../../../../arm-none-eabi/lib/thumb/v7e-m+fp/hard\libc_nano.a(lib_a-impure.o)
                              c:/st/stm32cubeide_1.12.1/stm32cubeide/plugins/com.st.stm32cube.ide.mcu.externaltools.gnu-tools-for-stm32.10.3-2021.10.win32_1.0.200.202301161003/tools/bin/../lib/gcc/arm-none-eabi/10.3.1/../../../../arm-none-eabi/lib/thumb/v7e-m+fp/hard\libc_nano.a(lib_a-exit.o) (_global_impure_ptr)
c:/st/stm32cubeide_1.12.1/stm32cubeide/plugins/com.st.stm32cube.ide.mcu.externaltools.gnu-tools-for-stm32.10.3-2021.10.win32_1.0.200.202301161003/tools/bin/../lib/gcc/arm-none-eabi/10.3.1/../../../../arm-none-eabi/lib/thumb/v7e-m+fp/hard\libc_nano.a(lib_a-init.o)
                              c:/st/stm32cubeide_1.12.1/stm32cubeide/plugins/com.st.stm32cube.ide.mcu.externaltools.gnu-tools-for-stm32.10.3-2021.10.win32_1.0.200.202301161003/tools/bin/../lib/gcc/arm-none-eabi/10.3.1/../../../../arm-none-eabi/lib/thumb/v7e-m+fp/hard/crt0.o (__libc_init_array)
c:/st/stm32cubeide_1.12.1/stm32cubeide/plugins/com.st.stm32cube.ide.mcu.externaltools.gnu-tools-for-stm32.10.3-2021.10.win32_1.0.200.202301161003/tools/bin/../lib/gcc/arm-none-eabi/10.3.1/../../../../arm-none-eabi/lib/thumb/v7e-m+fp/hard\libc_nano.a(lib_a-memset.o)
                              c:/st/stm32cubeide_1.12.1/stm32cubeide/plugins/com.st.stm32cube.ide.mcu.externaltools.gnu-tools-for-stm32.10.3-2021.10.win32_1.0.200.202301161003/tools/bin/../lib/gcc/arm-none-eabi/10.3.1/../../../../arm-none-eabi/lib/thumb/v7e-m+fp/hard/crt0.o (memset)
c:/st/stm32cubeide_1.12.1/stm32cubeide/plugins/com.st.stm32cube.ide.mcu.externaltools.gnu-tools-for-stm32.10.3-2021.10.win32_1.0.200.202301161003/tools/bin/../lib/gcc/arm-none-eabi/10.3.1/thumb/v7e-m+fp/hard\libgcc.a(_aeabi_uldivmod.o)
                              ./Drivers/STM32F4xx_HAL_Driver/Src/stm32f4xx_hal_rcc.o (__aeabi_uldivmod)
c:/st/stm32cubeide_1.12.1/stm32cubeide/plugins/com.st.stm32cube.ide.mcu.externaltools.gnu-tools-for-stm32.10.3-2021.10.win32_1.0.200.202301161003/tools/bin/../lib/gcc/arm-none-eabi/10.3.1/thumb/v7e-m+fp/hard\libgcc.a(_udivmoddi4.o)
                              c:/st/stm32cubeide_1.12.1/stm32cubeide/plugins/com.st.stm32cube.ide.mcu.externaltools.gnu-tools-for-stm32.10.3-2021.10.win32_1.0.200.202301161003/tools/bin/../lib/gcc/arm-none-eabi/10.3.1/thumb/v7e-m+fp/hard\libgcc.a(_aeabi_uldivmod.o) (__udivmoddi4)
c:/st/stm32cubeide_1.12.1/stm32cubeide/plugins/com.st.stm32cube.ide.mcu.externaltools.gnu-tools-for-stm32.10.3-2021.10.win32_1.0.200.202301161003/tools/bin/../lib/gcc/arm-none-eabi/10.3.1/thumb/v7e-m+fp/hard\libgcc.a(_dvmd_tls.o)
                              c:/st/stm32cubeide_1.12.1/stm32cubeide/plugins/com.st.stm32cube.ide.mcu.externaltools.gnu-tools-for-stm32.10.3-2021.10.win32_1.0.200.202301161003/tools/bin/../lib/gcc/arm-none-eabi/10.3.1/thumb/v7e-m+fp/hard\libgcc.a(_aeabi_uldivmod.o) (__aeabi_ldiv0)

Discarded input sections

 .text          0x0000000000000000        0x0 c:/st/stm32cubeide_1.12.1/stm32cubeide/plugins/com.st.stm32cube.ide.mcu.externaltools.gnu-tools-for-stm32.10.3-2021.10.win32_1.0.200.202301161003/tools/bin/../lib/gcc/arm-none-eabi/10.3.1/thumb/v7e-m+fp/hard/crti.o
 .data          0x0000000000000000        0x0 c:/st/stm32cubeide_1.12.1/stm32cubeide/plugins/com.st.stm32cube.ide.mcu.externaltools.gnu-tools-for-stm32.10.3-2021.10.win32_1.0.200.202301161003/tools/bin/../lib/gcc/arm-none-eabi/10.3.1/thumb/v7e-m+fp/hard/crti.o
 .bss           0x0000000000000000        0x0 c:/st/stm32cubeide_1.12.1/stm32cubeide/plugins/com.st.stm32cube.ide.mcu.externaltools.gnu-tools-for-stm32.10.3-2021.10.win32_1.0.200.202301161003/tools/bin/../lib/gcc/arm-none-eabi/10.3.1/thumb/v7e-m+fp/hard/crti.o
[...]
Memory Configuration

Name             Origin             Length             Attributes
RAM              0x0000000020000000 0x0000000000018000 xrw
FLASH            0x0000000008000000 0x0000000000080000 xr
*default*        0x0000000000000000 0xffffffffffffffff

Linker script and memory map

LOAD c:/st/stm32cubeide_1.12.1/stm32cubeide/plugins/com.st.stm32cube.ide.mcu.externaltools.gnu-tools-for-stm32.10.3-2021.10.win32_1.0.200.202301161003/tools/bin/../lib/gcc/arm-none-eabi/10.3.1/thumb/v7e-m+fp/hard/crti.o
LOAD c:/st/stm32cubeide_1.12.1/stm32cubeide/plugins/com.st.stm32cube.ide.mcu.externaltools.gnu-tools-for-stm32.10.3-2021.10.win32_1.0.200.202301161003/tools/bin/../lib/gcc/arm-none-eabi/10.3.1/thumb/v7e-m+fp/hard/crtbegin.o
LOAD c:/st/stm32cubeide_1.12.1/stm32cubeide/plugins/com.st.stm32cube.ide.mcu.externaltools.gnu-tools-for-stm32.10.3-2021.10.win32_1.0.200.202301161003/tools/bin/../lib/gcc/arm-none-eabi/10.3.1/../../../../arm-none-eabi/lib/thumb/v7e-m+fp/hard/crt0.o
LOAD ./Core/Src/main.o
LOAD ./Core/Src/stm32f4xx_hal_msp.o
LOAD ./Core/Src/stm32f4xx_it.o
LOAD ./Core/Src/syscalls.o
LOAD ./Core/Src/sysmem.o
LOAD ./Core/Src/system_stm32f4xx.o
LOAD ./Core/Startup/startup_stm32f401retx.o
LOAD ./Drivers/STM32F4xx_HAL_Driver/Src/stm32f4xx_hal.o
LOAD ./Drivers/STM32F4xx_HAL_Driver/Src/stm32f4xx_hal_adc.o
LOAD ./Drivers/STM32F4xx_HAL_Driver/Src/stm32f4xx_hal_adc_ex.o
LOAD ./Drivers/STM32F4xx_HAL_Driver/Src/stm32f4xx_hal_cortex.o
LOAD ./Drivers/STM32F4xx_HAL_Driver/Src/stm32f4xx_hal_dma.o
LOAD ./Drivers/STM32F4xx_HAL_Driver/Src/stm32f4xx_hal_dma_ex.o
LOAD ./Drivers/STM32F4xx_HAL_Driver/Src/stm32f4xx_hal_exti.o
LOAD ./Drivers/STM32F4xx_HAL_Driver/Src/stm32f4xx_hal_flash.o
LOAD ./Drivers/STM32F4xx_HAL_Driver/Src/stm32f4xx_hal_flash_ex.o
LOAD ./Drivers/STM32F4xx_HAL_Driver/Src/stm32f4xx_hal_flash_ramfunc.o
LOAD ./Drivers/STM32F4xx_HAL_Driver/Src/stm32f4xx_hal_gpio.o
LOAD ./Drivers/STM32F4xx_HAL_Driver/Src/stm32f4xx_hal_pcd.o
LOAD ./Drivers/STM32F4xx_HAL_Driver/Src/stm32f4xx_hal_pcd_ex.o
LOAD ./Drivers/STM32F4xx_HAL_Driver/Src/stm32f4xx_hal_pwr.o
LOAD ./Drivers/STM32F4xx_HAL_Driver/Src/stm32f4xx_hal_pwr_ex.o
LOAD ./Drivers/STM32F4xx_HAL_Driver/Src/stm32f4xx_hal_rcc.o
LOAD ./Drivers/STM32F4xx_HAL_Driver/Src/stm32f4xx_hal_rcc_ex.o
LOAD ./Drivers/STM32F4xx_HAL_Driver/Src/stm32f4xx_hal_tim.o
LOAD ./Drivers/STM32F4xx_HAL_Driver/Src/stm32f4xx_hal_tim_ex.o
LOAD ./Drivers/STM32F4xx_HAL_Driver/Src/stm32f4xx_ll_adc.o
LOAD ./Drivers/STM32F4xx_HAL_Driver/Src/stm32f4xx_ll_usb.o
LOAD ./Middlewares/ST/STM32_USB_Device_Library/Class/CDC/Src/usbd_cdc.o
LOAD ./Middlewares/ST/STM32_USB_Device_Library/Core/Src/usbd_core.o
LOAD ./Middlewares/ST/STM32_USB_Device_Library/Core/Src/usbd_ctlreq.o
LOAD ./Middlewares/ST/STM32_USB_Device_Library/Core/Src/usbd_ioreq.o
LOAD ./USB_DEVICE/App/usb_device.o
LOAD ./USB_DEVICE/App/usbd_cdc_if.o
LOAD ./USB_DEVICE/App/usbd_desc.o
LOAD ./USB_DEVICE/Target/usbd_conf.o
START GROUP
LOAD c:/st/stm32cubeide_1.12.1/stm32cubeide/plugins/com.st.stm32cube.ide.mcu.externaltools.gnu-tools-for-stm32.10.3-2021.10.win32_1.0.200.202301161003/tools/bin/../lib/gcc/arm-none-eabi/10.3.1/../../../../arm-none-eabi/lib/thumb/v7e-m+fp/hard\libc_nano.a
LOAD c:/st/stm32cubeide_1.12.1/stm32cubeide/plugins/com.st.stm32cube.ide.mcu.externaltools.gnu-tools-for-stm32.10.3-2021.10.win32_1.0.200.202301161003/tools/bin/../lib/gcc/arm-none-eabi/10.3.1/../../../../arm-none-eabi/lib/thumb/v7e-m+fp/hard\libm.a
END GROUP
START GROUP
LOAD c:/st/stm32cubeide_1.12.1/stm32cubeide/plugins/com.st.stm32cube.ide.mcu.externaltools.gnu-tools-for-stm32.10.3-2021.10.win32_1.0.200.202301161003/tools/bin/../lib/gcc/arm-none-eabi/10.3.1/thumb/v7e-m+fp/hard\libgcc.a
LOAD c:/st/stm32cubeide_1.12.1/stm32cubeide/plugins/com.st.stm32cube.ide.mcu.externaltools.gnu-tools-for-stm32.10.3-2021.10.win32_1.0.200.202301161003/tools/bin/../lib/gcc/arm-none-eabi/10.3.1/../../../../arm-none-eabi/lib/thumb/v7e-m+fp/hard\libc_nano.a
END GROUP
START GROUP
LOAD c:/st/stm32cubeide_1.12.1/stm32cubeide/plugins/com.st.stm32cube.ide.mcu.externaltools.gnu-tools-for-stm32.10.3-2021.10.win32_1.0.200.202301161003/tools/bin/../lib/gcc/arm-none-eabi/10.3.1/thumb/v7e-m+fp/hard\libgcc.a
LOAD c:/st/stm32cubeide_1.12.1/stm32cubeide/plugins/com.st.stm32cube.ide.mcu.externaltools.gnu-tools-for-stm32.10.3-2021.10.win32_1.0.200.202301161003/tools/bin/../lib/gcc/arm-none-eabi/10.3.1/../../../../arm-none-eabi/lib/thumb/v7e-m+fp/hard\libc_nano.a
LOAD c:/st/stm32cubeide_1.12.1/stm32cubeide/plugins/com.st.stm32cube.ide.mcu.externaltools.gnu-tools-for-stm32.10.3-2021.10.win32_1.0.200.202301161003/tools/bin/../lib/gcc/arm-none-eabi/10.3.1/../../../../arm-none-eabi/lib/thumb/v7e-m+fp/hard\libnosys.a
END GROUP
START GROUP
LOAD c:/st/stm32cubeide_1.12.1/stm32cubeide/plugins/com.st.stm32cube.ide.mcu.externaltools.gnu-tools-for-stm32.10.3-2021.10.win32_1.0.200.202301161003/tools/bin/../lib/gcc/arm-none-eabi/10.3.1/thumb/v7e-m+fp/hard\libgcc.a
LOAD c:/st/stm32cubeide_1.12.1/stm32cubeide/plugins/com.st.stm32cube.ide.mcu.externaltools.gnu-tools-for-stm32.10.3-2021.10.win32_1.0.200.202301161003/tools/bin/../lib/gcc/arm-none-eabi/10.3.1/../../../../arm-none-eabi/lib/thumb/v7e-m+fp/hard\libc_nano.a
LOAD c:/st/stm32cubeide_1.12.1/stm32cubeide/plugins/com.st.stm32cube.ide.mcu.externaltools.gnu-tools-for-stm32.10.3-2021.10.win32_1.0.200.202301161003/tools/bin/../lib/gcc/arm-none-eabi/10.3.1/../../../../arm-none-eabi/lib/thumb/v7e-m+fp/hard\libnosys.a
END GROUP
LOAD c:/st/stm32cubeide_1.12.1/stm32cubeide/plugins/com.st.stm32cube.ide.mcu.externaltools.gnu-tools-for-stm32.10.3-2021.10.win32_1.0.200.202301161003/tools/bin/../lib/gcc/arm-none-eabi/10.3.1/thumb/v7e-m+fp/hard/crtend.o
LOAD c:/st/stm32cubeide_1.12.1/stm32cubeide/plugins/com.st.stm32cube.ide.mcu.externaltools.gnu-tools-for-stm32.10.3-2021.10.win32_1.0.200.202301161003/tools/bin/../lib/gcc/arm-none-eabi/10.3.1/thumb/v7e-m+fp/hard/crtn.o
                0x0000000020018000                _estack = (ORIGIN (RAM) + LENGTH (RAM))
                0x0000000000000200                _Min_Heap_Size = 0x200
                0x0000000000000400                _Min_Stack_Size = 0x400

.isr_vector     0x0000000008000000      0x194
                0x0000000008000000                . = ALIGN (0x4)
 *(.isr_vector)
 .isr_vector    0x0000000008000000      0x194 ./Core/Startup/startup_stm32f401retx.o
                0x0000000008000000                g_pfnVectors
                0x0000000008000194                . = ALIGN (0x4)

.text           0x0000000008000194     0x9128
                0x0000000008000194                . = ALIGN (0x4)
 *(.text)
 .text          0x0000000008000194       0x40 c:/st/stm32cubeide_1.12.1/stm32cubeide/plugins/com.st.stm32cube.ide.mcu.externaltools.gnu-tools-for-stm32.10.3-2021.10.win32_1.0.200.202301161003/tools/bin/../lib/gcc/arm-none-eabi/10.3.1/thumb/v7e-m+fp/hard/crtbegin.o
 .text          0x00000000080001d4       0x30 c:/st/stm32cubeide_1.12.1/stm32cubeide/plugins/com.st.stm32cube.ide.mcu.externaltools.gnu-tools-for-stm32.10.3-2021.10.win32_1.0.200.202301161003/tools/bin/../lib/gcc/arm-none-eabi/10.3.1/thumb/v7e-m+fp/hard\libgcc.a(_aeabi_uldivmod.o)
                0x00000000080001d4                __aeabi_uldivmod
 .text          0x0000000008000204      0x2d0 c:/st/stm32cubeide_1.12.1/stm32cubeide/plugins/com.st.stm32cube.ide.mcu.externaltools.gnu-tools-for-stm32.10.3-2021.10.win32_1.0.200.202301161003/tools/bin/../lib/gcc/arm-none-eabi/10.3.1/thumb/v7e-m+fp/hard\libgcc.a(_udivmoddi4.o)
                0x0000000008000204                __udivmoddi4
 .text          0x00000000080004d4        0x4 c:/st/stm32cubeide_1.12.1/stm32cubeide/plugins/com.st.stm32cube.ide.mcu.externaltools.gnu-tools-for-stm32.10.3-2021.10.win32_1.0.200.202301161003/tools/bin/../lib/gcc/arm-none-eabi/10.3.1/thumb/v7e-m+fp/hard\libgcc.a(_dvmd_tls.o)
                0x00000000080004d4                __aeabi_idiv0
                0x00000000080004d4                __aeabi_ldiv0
 *(.text*)
 .text.main     0x00000000080004d8       0x7c ./Core/Src/main.o
                0x00000000080004d8                main
 .text.SystemClock_Config
                0x0000000008000554       0xd8 ./Core/Src/main.o
                0x0000000008000554                SystemClock_Config
 .text.MX_ADC1_Init
                0x000000000800062c       0xa4 ./Core/Src/main.o
 .text.MX_TIM2_Init
                0x00000000080006d0       0xec ./Core/Src/main.o
 .text.MX_TIM3_Init
                0x00000000080007bc       0xec ./Core/Src/main.o
 .text.MX_TIM4_Init
                0x00000000080008a8      0x114 ./Core/Src/main.o
 .text.MX_TIM5_Init
                0x00000000080009bc      0x11c ./Core/Src/main.o
 .text.MX_DMA_Init
                0x0000000008000ad8       0x40 ./Core/Src/main.o
 .text.MX_GPIO_Init
                0x0000000008000b18       0x6c ./Core/Src/main.o
 .text.HAL_ADC_ConvCpltCallback
                0x0000000008000b84       0x20 ./Core/Src/main.o
                0x0000000008000b84                HAL_ADC_ConvCpltCallback
 .text.Error_Handler
                0x0000000008000ba4        0xa ./Core/Src/main.o
                0x0000000008000ba4                Error_Handler
 *fill*         0x0000000008000bae        0x2 
 .text.HAL_MspInit
                0x0000000008000bb0       0x50 ./Core/Src/stm32f4xx_hal_msp.o
                0x0000000008000bb0                HAL_MspInit
 .text.HAL_ADC_MspInit
                0x0000000008000c00       0xec ./Core/Src/stm32f4xx_hal_msp.o
                0x0000000008000c00                HAL_ADC_MspInit
 .text.HAL_TIM_Base_MspInit
                0x0000000008000cec       0xc4 ./Core/Src/stm32f4xx_hal_msp.o
                0x0000000008000cec                HAL_TIM_Base_MspInit
 .text.HAL_TIM_MspPostInit
                0x0000000008000db0      0x108 ./Core/Src/stm32f4xx_hal_msp.o
                0x0000000008000db0                HAL_TIM_MspPostInit
 .text.NMI_Handler
                0x0000000008000eb8        0x6 ./Core/Src/stm32f4xx_it.o
                0x0000000008000eb8                NMI_Handler
 .text.HardFault_Handler
                0x0000000008000ebe        0x6 ./Core/Src/stm32f4xx_it.o
                0x0000000008000ebe                HardFault_Handler
 .text.MemManage_Handler
                0x0000000008000ec4        0x6 ./Core/Src/stm32f4xx_it.o
                0x0000000008000ec4                MemManage_Handler
 .text.BusFault_Handler
                0x0000000008000eca        0x6 ./Core/Src/stm32f4xx_it.o
                0x0000000008000eca                BusFault_Handler
 .text.UsageFault_Handler
                0x0000000008000ed0        0x6 ./Core/Src/stm32f4xx_it.o
                0x0000000008000ed0                UsageFault_Handler
 .text.SVC_Handler
                0x0000000008000ed6        0xe ./Core/Src/stm32f4xx_it.o
                0x0000000008000ed6                SVC_Handler
 .text.DebugMon_Handler
                0x0000000008000ee4        0xe ./Core/Src/stm32f4xx_it.o
                0x0000000008000ee4                DebugMon_Handler
 .text.PendSV_Handler
                0x0000000008000ef2        0xe ./Core/Src/stm32f4xx_it.o
                0x0000000008000ef2                PendSV_Handler
 .text.SysTick_Handler
                0x0000000008000f00        0xc ./Core/Src/stm32f4xx_it.o
                0x0000000008000f00                SysTick_Handler
 .text.DMA2_Stream0_IRQHandler
                0x0000000008000f0c       0x14 ./Core/Src/stm32f4xx_it.o
                0x0000000008000f0c                DMA2_Stream0_IRQHandler
 .text.OTG_FS_IRQHandler
                0x0000000008000f20       0x14 ./Core/Src/stm32f4xx_it.o
                0x0000000008000f20                OTG_FS_IRQHandler
 .text.SystemInit
                0x0000000008000f34       0x24 ./Core/Src/system_stm32f4xx.o
                0x0000000008000f34                SystemInit
 .text.Reset_Handler
                0x0000000008000f58       0x50 ./Core/Startup/startup_stm32f401retx.o
                0x0000000008000f58                Reset_Handler
 .text.Default_Handler
                0x0000000008000fa8        0x2 ./Core/Startup/startup_stm32f401retx.o
                0x0000000008000fa8                RTC_Alarm_IRQHandler
                0x0000000008000fa8                EXTI2_IRQHandler
                0x0000000008000fa8                SPI4_IRQHandler
                0x0000000008000fa8                TIM1_CC_IRQHandler
                0x0000000008000fa8                DMA2_Stream5_IRQHandler
                0x0000000008000fa8                DMA1_Stream5_IRQHandler
                0x0000000008000fa8                PVD_IRQHandler
                0x0000000008000fa8                SDIO_IRQHandler
                0x0000000008000fa8                TAMP_STAMP_IRQHandler
                0x0000000008000fa8                EXTI3_IRQHandler
                0x0000000008000fa8                TIM1_UP_TIM10_IRQHandler
                0x0000000008000fa8                I2C3_ER_IRQHandler
                0x0000000008000fa8                EXTI0_IRQHandler
                0x0000000008000fa8                I2C2_EV_IRQHandler
                0x0000000008000fa8                DMA1_Stream2_IRQHandler
                0x0000000008000fa8                FPU_IRQHandler
                0x0000000008000fa8                DMA2_Stream2_IRQHandler
                0x0000000008000fa8                SPI1_IRQHandler
                0x0000000008000fa8                TIM1_BRK_TIM9_IRQHandler
                0x0000000008000fa8                DMA2_Stream3_IRQHandler
                0x0000000008000fa8                USART6_IRQHandler
                0x0000000008000fa8                TIM4_IRQHandler
                0x0000000008000fa8                I2C1_EV_IRQHandler
                0x0000000008000fa8                DMA1_Stream6_IRQHandler
                0x0000000008000fa8                DMA1_Stream1_IRQHandler
                0x0000000008000fa8                TIM3_IRQHandler
                0x0000000008000fa8                RCC_IRQHandler
                0x0000000008000fa8                Default_Handler
                0x0000000008000fa8                EXTI15_10_IRQHandler
                0x0000000008000fa8                ADC_IRQHandler
                0x0000000008000fa8                DMA1_Stream7_IRQHandler
                0x0000000008000fa8                TIM5_IRQHandler
                0x0000000008000fa8                DMA2_Stream7_IRQHandler
                0x0000000008000fa8                I2C3_EV_IRQHandler
                0x0000000008000fa8                EXTI9_5_IRQHandler
                0x0000000008000fa8                RTC_WKUP_IRQHandler
                0x0000000008000fa8                SPI2_IRQHandler
                0x0000000008000fa8                DMA1_Stream0_IRQHandler
                0x0000000008000fa8                EXTI4_IRQHandler
                0x0000000008000fa8                WWDG_IRQHandler
                0x0000000008000fa8                TIM2_IRQHandler
                0x0000000008000fa8                OTG_FS_WKUP_IRQHandler
                0x0000000008000fa8                TIM1_TRG_COM_TIM11_IRQHandler
                0x0000000008000fa8                EXTI1_IRQHandler
                0x0000000008000fa8                USART2_IRQHandler
                0x0000000008000fa8                I2C2_ER_IRQHandler
                0x0000000008000fa8                DMA2_Stream1_IRQHandler
                0x0000000008000fa8                FLASH_IRQHandler
                0x0000000008000fa8                DMA2_Stream4_IRQHandler
                0x0000000008000fa8                USART1_IRQHandler
                0x0000000008000fa8                SPI3_IRQHandler
                0x0000000008000fa8                DMA1_Stream4_IRQHandler
                0x0000000008000fa8                I2C1_ER_IRQHandler
                0x0000000008000fa8                DMA2_Stream6_IRQHandler
                0x0000000008000fa8                DMA1_Stream3_IRQHandler
 *fill*         0x0000000008000faa        0x2 
 .text.HAL_Init
                0x0000000008000fac       0x44 ./Drivers/STM32F4xx_HAL_Driver/Src/stm32f4xx_hal.o
                0x0000000008000fac                HAL_Init
 .text.HAL_InitTick
                0x0000000008000ff0       0x60 ./Drivers/STM32F4xx_HAL_Driver/Src/stm32f4xx_hal.o
                0x0000000008000ff0                HAL_InitTick
 .text.HAL_IncTick
                0x0000000008001050       0x28 ./Drivers/STM32F4xx_HAL_Driver/Src/stm32f4xx_hal.o
                0x0000000008001050                HAL_IncTick
 .text.HAL_GetTick
                0x0000000008001078       0x18 ./Drivers/STM32F4xx_HAL_Driver/Src/stm32f4xx_hal.o
                0x0000000008001078                HAL_GetTick
 .text.HAL_Delay
                0x0000000008001090       0x48 ./Drivers/STM32F4xx_HAL_Driver/Src/stm32f4xx_hal.o
                0x0000000008001090                HAL_Delay
 .text.HAL_ADC_Init
                0x00000000080010d8       0x86 ./Drivers/STM32F4xx_HAL_Driver/Src/stm32f4xx_hal_adc.o
                0x00000000080010d8                HAL_ADC_Init
 *fill*         0x000000000800115e        0x2 
 .text.HAL_ADC_Start_DMA
                0x0000000008001160      0x1e0 ./Drivers/STM32F4xx_HAL_Driver/Src/stm32f4xx_hal_adc.o
                0x0000000008001160                HAL_ADC_Start_DMA
 .text.HAL_ADC_ConvHalfCpltCallback
                0x0000000008001340       0x14 ./Drivers/STM32F4xx_HAL_Driver/Src/stm32f4xx_hal_adc.o
                0x0000000008001340                HAL_ADC_ConvHalfCpltCallback
 .text.HAL_ADC_ErrorCallback
                0x0000000008001354       0x14 ./Drivers/STM32F4xx_HAL_Driver/Src/stm32f4xx_hal_adc.o
                0x0000000008001354                HAL_ADC_ErrorCallback
 .text.HAL_ADC_ConfigChannel
                0x0000000008001368      0x244 ./Drivers/STM32F4xx_HAL_Driver/Src/stm32f4xx_hal_adc.o
                0x0000000008001368                HAL_ADC_ConfigChannel
 .text.ADC_Init
                0x00000000080015ac      0x1f8 ./Drivers/STM32F4xx_HAL_Driver/Src/stm32f4xx_hal_adc.o
 .text.ADC_DMAConvCplt
                0x00000000080017a4       0xba ./Drivers/STM32F4xx_HAL_Driver/Src/stm32f4xx_hal_adc.o
 .text.ADC_DMAHalfConvCplt
                0x000000000800185e       0x1c ./Drivers/STM32F4xx_HAL_Driver/Src/stm32f4xx_hal_adc.o
 .text.ADC_DMAError
                0x000000000800187a       0x2e ./Drivers/STM32F4xx_HAL_Driver/Src/stm32f4xx_hal_adc.o
 .text.__NVIC_SetPriorityGrouping
                0x00000000080018a8       0x48 ./Drivers/STM32F4xx_HAL_Driver/Src/stm32f4xx_hal_cortex.o
 .text.__NVIC_GetPriorityGrouping
                0x00000000080018f0       0x1c ./Drivers/STM32F4xx_HAL_Driver/Src/stm32f4xx_hal_cortex.o
 .text.__NVIC_EnableIRQ
                0x000000000800190c       0x3c ./Drivers/STM32F4xx_HAL_Driver/Src/stm32f4xx_hal_cortex.o
 .text.__NVIC_SetPriority
                0x0000000008001948       0x54 ./Drivers/STM32F4xx_HAL_Driver/Src/stm32f4xx_hal_cortex.o
 .text.NVIC_EncodePriority
                0x000000000800199c       0x66 ./Drivers/STM32F4xx_HAL_Driver/Src/stm32f4xx_hal_cortex.o
 *fill*         0x0000000008001a02        0x2 
 .text.SysTick_Config
                0x0000000008001a04       0x44 ./Drivers/STM32F4xx_HAL_Driver/Src/stm32f4xx_hal_cortex.o
 .text.HAL_NVIC_SetPriorityGrouping
                0x0000000008001a48       0x16 ./Drivers/STM32F4xx_HAL_Driver/Src/stm32f4xx_hal_cortex.o
                0x0000000008001a48                HAL_NVIC_SetPriorityGrouping
 .text.HAL_NVIC_SetPriority
                0x0000000008001a5e       0x38 ./Drivers/STM32F4xx_HAL_Driver/Src/stm32f4xx_hal_cortex.o
                0x0000000008001a5e                HAL_NVIC_SetPriority
 .text.HAL_NVIC_EnableIRQ
                0x0000000008001a96       0x1c ./Drivers/STM32F4xx_HAL_Driver/Src/stm32f4xx_hal_cortex.o
                0x0000000008001a96                HAL_NVIC_EnableIRQ
 .text.HAL_SYSTICK_Config
                0x0000000008001ab2       0x18 ./Drivers/STM32F4xx_HAL_Driver/Src/stm32f4xx_hal_cortex.o
                0x0000000008001ab2                HAL_SYSTICK_Config
 *fill*         0x0000000008001aca        0x2 
 .text.HAL_DMA_Init
                0x0000000008001acc      0x15c ./Drivers/STM32F4xx_HAL_Driver/Src/stm32f4xx_hal_dma.o
                0x0000000008001acc                HAL_DMA_Init
 .text.HAL_DMA_Start_IT
                0x0000000008001c28       0xb0 ./Drivers/STM32F4xx_HAL_Driver/Src/stm32f4xx_hal_dma.o
                0x0000000008001c28                HAL_DMA_Start_IT
 .text.HAL_DMA_IRQHandler
                0x0000000008001cd8      0x314 ./Drivers/STM32F4xx_HAL_Driver/Src/stm32f4xx_hal_dma.o
                0x0000000008001cd8                HAL_DMA_IRQHandler
 .text.DMA_SetConfig
                0x0000000008001fec       0x5c ./Drivers/STM32F4xx_HAL_Driver/Src/stm32f4xx_hal_dma.o
 .text.DMA_CalcBaseAndBitshift
                0x0000000008002048       0x6c ./Drivers/STM32F4xx_HAL_Driver/Src/stm32f4xx_hal_dma.o
 .text.DMA_CheckFifoParam
                0x00000000080020b4       0xf8 ./Drivers/STM32F4xx_HAL_Driver/Src/stm32f4xx_hal_dma.o
 .text.HAL_GPIO_Init
                0x00000000080021ac      0x308 ./Drivers/STM32F4xx_HAL_Driver/Src/stm32f4xx_hal_gpio.o
                0x00000000080021ac                HAL_GPIO_Init
 .text.HAL_PCD_Init
                0x00000000080024b4      0x23a ./Drivers/STM32F4xx_HAL_Driver/Src/stm32f4xx_hal_pcd.o
                0x00000000080024b4                HAL_PCD_Init
 .text.HAL_PCD_Start
                0x00000000080026ee       0x66 ./Drivers/STM32F4xx_HAL_Driver/Src/stm32f4xx_hal_pcd.o
                0x00000000080026ee                HAL_PCD_Start
 .text.HAL_PCD_IRQHandler
                0x0000000008002754      0x93e ./Drivers/STM32F4xx_HAL_Driver/Src/stm32f4xx_hal_pcd.o
                0x0000000008002754                HAL_PCD_IRQHandler
 .text.HAL_PCD_SetAddress
                0x0000000008003092       0x4a ./Drivers/STM32F4xx_HAL_Driver/Src/stm32f4xx_hal_pcd.o
                0x0000000008003092                HAL_PCD_SetAddress
 .text.HAL_PCD_EP_Open
                0x00000000080030dc       0xd0 ./Drivers/STM32F4xx_HAL_Driver/Src/stm32f4xx_hal_pcd.o
                0x00000000080030dc                HAL_PCD_EP_Open
 .text.HAL_PCD_EP_Close
                0x00000000080031ac       0x94 ./Drivers/STM32F4xx_HAL_Driver/Src/stm32f4xx_hal_pcd.o
                0x00000000080031ac                HAL_PCD_EP_Close
 .text.HAL_PCD_EP_Receive
                0x0000000008003240       0x96 ./Drivers/STM32F4xx_HAL_Driver/Src/stm32f4xx_hal_pcd.o
                0x0000000008003240                HAL_PCD_EP_Receive
 .text.HAL_PCD_EP_GetRxCount
                0x00000000080032d6       0x30 ./Drivers/STM32F4xx_HAL_Driver/Src/stm32f4xx_hal_pcd.o
                0x00000000080032d6                HAL_PCD_EP_GetRxCount
 .text.HAL_PCD_EP_Transmit
                0x0000000008003306       0x94 ./Drivers/STM32F4xx_HAL_Driver/Src/stm32f4xx_hal_pcd.o
                0x0000000008003306                HAL_PCD_EP_Transmit
 .text.HAL_PCD_EP_SetStall
                0x000000000800339a       0xc8 ./Drivers/STM32F4xx_HAL_Driver/Src/stm32f4xx_hal_pcd.o
                0x000000000800339a                HAL_PCD_EP_SetStall
 .text.HAL_PCD_EP_ClrStall
                0x0000000008003462       0xac ./Drivers/STM32F4xx_HAL_Driver/Src/stm32f4xx_hal_pcd.o
                0x0000000008003462                HAL_PCD_EP_ClrStall
 .text.HAL_PCD_EP_Abort
                0x000000000800350e       0x62 ./Drivers/STM32F4xx_HAL_Driver/Src/stm32f4xx_hal_pcd.o
                0x000000000800350e                HAL_PCD_EP_Abort
 .text.PCD_WriteEmptyTxFifo
                0x0000000008003570      0x11a ./Drivers/STM32F4xx_HAL_Driver/Src/stm32f4xx_hal_pcd.o
 *fill*         0x000000000800368a        0x2 
 .text.PCD_EP_OutXfrComplete_int
                0x000000000800368c      0x1d0 ./Drivers/STM32F4xx_HAL_Driver/Src/stm32f4xx_hal_pcd.o
 .text.PCD_EP_OutSetupPacket_int
                0x000000000800385c       0x8c ./Drivers/STM32F4xx_HAL_Driver/Src/stm32f4xx_hal_pcd.o
 .text.HAL_PCDEx_SetTxFiFo
                0x00000000080038e8       0x8e ./Drivers/STM32F4xx_HAL_Driver/Src/stm32f4xx_hal_pcd_ex.o
                0x00000000080038e8                HAL_PCDEx_SetTxFiFo
 .text.HAL_PCDEx_SetRxFiFo
                0x0000000008003976       0x22 ./Drivers/STM32F4xx_HAL_Driver/Src/stm32f4xx_hal_pcd_ex.o
                0x0000000008003976                HAL_PCDEx_SetRxFiFo
 .text.HAL_PCDEx_LPM_Callback
                0x0000000008003998       0x18 ./Drivers/STM32F4xx_HAL_Driver/Src/stm32f4xx_hal_pcd_ex.o
                0x0000000008003998                HAL_PCDEx_LPM_Callback
 .text.HAL_RCC_OscConfig
                0x00000000080039b0      0x4f0 ./Drivers/STM32F4xx_HAL_Driver/Src/stm32f4xx_hal_rcc.o
                0x00000000080039b0                HAL_RCC_OscConfig
 .text.HAL_RCC_ClockConfig
                0x0000000008003ea0      0x1cc ./Drivers/STM32F4xx_HAL_Driver/Src/stm32f4xx_hal_rcc.o
                0x0000000008003ea0                HAL_RCC_ClockConfig
 .text.HAL_RCC_GetSysClockFreq
                0x000000000800406c      0x18c ./Drivers/STM32F4xx_HAL_Driver/Src/stm32f4xx_hal_rcc.o
                0x000000000800406c                HAL_RCC_GetSysClockFreq
 .text.HAL_RCC_GetHCLKFreq
                0x00000000080041f8       0x18 ./Drivers/STM32F4xx_HAL_Driver/Src/stm32f4xx_hal_rcc.o
                0x00000000080041f8                HAL_RCC_GetHCLKFreq
 .text.HAL_TIM_Base_Init
                0x0000000008004210       0x9e ./Drivers/STM32F4xx_HAL_Driver/Src/stm32f4xx_hal_tim.o
                0x0000000008004210                HAL_TIM_Base_Init
 .text.HAL_TIM_PWM_Init
                0x00000000080042ae       0x9e ./Drivers/STM32F4xx_HAL_Driver/Src/stm32f4xx_hal_tim.o
                0x00000000080042ae                HAL_TIM_PWM_Init
 .text.HAL_TIM_PWM_MspInit
                0x000000000800434c       0x14 ./Drivers/STM32F4xx_HAL_Driver/Src/stm32f4xx_hal_tim.o
                0x000000000800434c                HAL_TIM_PWM_MspInit
 .text.HAL_TIM_PWM_Start
                0x0000000008004360      0x160 ./Drivers/STM32F4xx_HAL_Driver/Src/stm32f4xx_hal_tim.o
                0x0000000008004360                HAL_TIM_PWM_Start
 .text.HAL_TIM_PWM_ConfigChannel
                0x00000000080044c0      0x184 ./Drivers/STM32F4xx_HAL_Driver/Src/stm32f4xx_hal_tim.o
                0x00000000080044c0                HAL_TIM_PWM_ConfigChannel
 .text.HAL_TIM_ConfigClockSource
                0x0000000008004644      0x18e ./Drivers/STM32F4xx_HAL_Driver/Src/stm32f4xx_hal_tim.o
                0x0000000008004644                HAL_TIM_ConfigClockSource
 .text.HAL_TIM_SlaveConfigSynchro
                0x00000000080047d2       0x84 ./Drivers/STM32F4xx_HAL_Driver/Src/stm32f4xx_hal_tim.o
                0x00000000080047d2                HAL_TIM_SlaveConfigSynchro
 *fill*         0x0000000008004856        0x2 
 .text.TIM_Base_SetConfig
                0x0000000008004858      0x100 ./Drivers/STM32F4xx_HAL_Driver/Src/stm32f4xx_hal_tim.o
                0x0000000008004858                TIM_Base_SetConfig
 .text.TIM_OC1_SetConfig
                0x0000000008004958       0xcc ./Drivers/STM32F4xx_HAL_Driver/Src/stm32f4xx_hal_tim.o
 .text.TIM_OC2_SetConfig
                0x0000000008004a24       0xd8 ./Drivers/STM32F4xx_HAL_Driver/Src/stm32f4xx_hal_tim.o
                0x0000000008004a24                TIM_OC2_SetConfig
 .text.TIM_OC3_SetConfig
                0x0000000008004afc       0xd4 ./Drivers/STM32F4xx_HAL_Driver/Src/stm32f4xx_hal_tim.o
 .text.TIM_OC4_SetConfig
                0x0000000008004bd0       0xa0 ./Drivers/STM32F4xx_HAL_Driver/Src/stm32f4xx_hal_tim.o
 .text.TIM_SlaveTimer_SetConfig
                0x0000000008004c70      0x122 ./Drivers/STM32F4xx_HAL_Driver/Src/stm32f4xx_hal_tim.o
 .text.TIM_TI1_ConfigInputStage
                0x0000000008004d92       0x5e ./Drivers/STM32F4xx_HAL_Driver/Src/stm32f4xx_hal_tim.o
 .text.TIM_TI2_ConfigInputStage
                0x0000000008004df0       0x60 ./Drivers/STM32F4xx_HAL_Driver/Src/stm32f4xx_hal_tim.o
 .text.TIM_ITRx_SetConfig
                0x0000000008004e50       0x36 ./Drivers/STM32F4xx_HAL_Driver/Src/stm32f4xx_hal_tim.o
 .text.TIM_ETR_SetConfig
                0x0000000008004e86       0x40 ./Drivers/STM32F4xx_HAL_Driver/Src/stm32f4xx_hal_tim.o
                0x0000000008004e86                TIM_ETR_SetConfig
 .text.TIM_CCxChannelCmd
                0x0000000008004ec6       0x4a ./Drivers/STM32F4xx_HAL_Driver/Src/stm32f4xx_hal_tim.o
                0x0000000008004ec6                TIM_CCxChannelCmd
 .text.HAL_TIMEx_MasterConfigSynchronization
                0x0000000008004f10       0xdc ./Drivers/STM32F4xx_HAL_Driver/Src/stm32f4xx_hal_tim_ex.o
                0x0000000008004f10                HAL_TIMEx_MasterConfigSynchronization
 .text.USB_CoreInit
                0x0000000008004fec       0xc2 ./Drivers/STM32F4xx_HAL_Driver/Src/stm32f4xx_ll_usb.o
                0x0000000008004fec                USB_CoreInit
 *fill*         0x00000000080050ae        0x2 
 .text.USB_SetTurnaroundTime
                0x00000000080050b0      0x144 ./Drivers/STM32F4xx_HAL_Driver/Src/stm32f4xx_ll_usb.o
                0x00000000080050b0                USB_SetTurnaroundTime
 .text.USB_EnableGlobalInt
                0x00000000080051f4       0x22 ./Drivers/STM32F4xx_HAL_Driver/Src/stm32f4xx_ll_usb.o
                0x00000000080051f4                USB_EnableGlobalInt
 .text.USB_DisableGlobalInt
                0x0000000008005216       0x22 ./Drivers/STM32F4xx_HAL_Driver/Src/stm32f4xx_ll_usb.o
                0x0000000008005216                USB_DisableGlobalInt
 .text.USB_SetCurrentMode
                0x0000000008005238       0x98 ./Drivers/STM32F4xx_HAL_Driver/Src/stm32f4xx_ll_usb.o
                0x0000000008005238                USB_SetCurrentMode
 .text.USB_DevInit
                0x00000000080052d0      0x2c8 ./Drivers/STM32F4xx_HAL_Driver/Src/stm32f4xx_ll_usb.o
                0x00000000080052d0                USB_DevInit
 .text.USB_FlushTxFifo
                0x0000000008005598       0x68 ./Drivers/STM32F4xx_HAL_Driver/Src/stm32f4xx_ll_usb.o
                0x0000000008005598                USB_FlushTxFifo
 .text.USB_FlushRxFifo
                0x0000000008005600       0x60 ./Drivers/STM32F4xx_HAL_Driver/Src/stm32f4xx_ll_usb.o
                0x0000000008005600                USB_FlushRxFifo
 .text.USB_SetDevSpeed
                0x0000000008005660       0x32 ./Drivers/STM32F4xx_HAL_Driver/Src/stm32f4xx_ll_usb.o
                0x0000000008005660                USB_SetDevSpeed
 .text.USB_GetDevSpeed
                0x0000000008005692       0x4a ./Drivers/STM32F4xx_HAL_Driver/Src/stm32f4xx_ll_usb.o
                0x0000000008005692                USB_GetDevSpeed
 .text.USB_ActivateEndpoint
                0x00000000080056dc      0x10e ./Drivers/STM32F4xx_HAL_Driver/Src/stm32f4xx_ll_usb.o
                0x00000000080056dc                USB_ActivateEndpoint
 *fill*         0x00000000080057ea        0x2 
 .text.USB_DeactivateEndpoint
                0x00000000080057ec      0x1b8 ./Drivers/STM32F4xx_HAL_Driver/Src/stm32f4xx_ll_usb.o
                0x00000000080057ec                USB_DeactivateEndpoint
 .text.USB_EPStartXfer
                0x00000000080059a4      0x490 ./Drivers/STM32F4xx_HAL_Driver/Src/stm32f4xx_ll_usb.o
                0x00000000080059a4                USB_EPStartXfer
 .text.USB_EP0StartXfer
                0x0000000008005e34      0x2b0 ./Drivers/STM32F4xx_HAL_Driver/Src/stm32f4xx_ll_usb.o
                0x0000000008005e34                USB_EP0StartXfer
 .text.USB_EPStopXfer
                0x00000000080060e4      0x154 ./Drivers/STM32F4xx_HAL_Driver/Src/stm32f4xx_ll_usb.o
                0x00000000080060e4                USB_EPStopXfer
 .text.USB_WritePacket
                0x0000000008006238       0x7c ./Drivers/STM32F4xx_HAL_Driver/Src/stm32f4xx_ll_usb.o
                0x0000000008006238                USB_WritePacket
 .text.USB_ReadPacket
                0x00000000080062b4       0xb0 ./Drivers/STM32F4xx_HAL_Driver/Src/stm32f4xx_ll_usb.o
                0x00000000080062b4                USB_ReadPacket
 .text.USB_EPSetStall
                0x0000000008006364       0xdc ./Drivers/STM32F4xx_HAL_Driver/Src/stm32f4xx_ll_usb.o
                0x0000000008006364                USB_EPSetStall
 .text.USB_EPClearStall
                0x0000000008006440       0xcc ./Drivers/STM32F4xx_HAL_Driver/Src/stm32f4xx_ll_usb.o
                0x0000000008006440                USB_EPClearStall
 .text.USB_SetDevAddress
                0x000000000800650c       0x4c ./Drivers/STM32F4xx_HAL_Driver/Src/stm32f4xx_ll_usb.o
                0x000000000800650c                USB_SetDevAddress
 .text.USB_DevConnect
                0x0000000008006558       0x42 ./Drivers/STM32F4xx_HAL_Driver/Src/stm32f4xx_ll_usb.o
                0x0000000008006558                USB_DevConnect
 .text.USB_DevDisconnect
                0x000000000800659a       0x42 ./Drivers/STM32F4xx_HAL_Driver/Src/stm32f4xx_ll_usb.o
                0x000000000800659a                USB_DevDisconnect
 .text.USB_ReadInterrupts
                0x00000000080065dc       0x26 ./Drivers/STM32F4xx_HAL_Driver/Src/stm32f4xx_ll_usb.o
                0x00000000080065dc                USB_ReadInterrupts
 .text.USB_ReadDevAllOutEpInterrupt
                0x0000000008006602       0x34 ./Drivers/STM32F4xx_HAL_Driver/Src/stm32f4xx_ll_usb.o
                0x0000000008006602                USB_ReadDevAllOutEpInterrupt
 .text.USB_ReadDevAllInEpInterrupt
                0x0000000008006636       0x34 ./Drivers/STM32F4xx_HAL_Driver/Src/stm32f4xx_ll_usb.o
                0x0000000008006636                USB_ReadDevAllInEpInterrupt
 .text.USB_ReadDevOutEPInterrupt
                0x000000000800666a       0x3c ./Drivers/STM32F4xx_HAL_Driver/Src/stm32f4xx_ll_usb.o
                0x000000000800666a                USB_ReadDevOutEPInterrupt
 .text.USB_ReadDevInEPInterrupt
                0x00000000080066a6       0x5c ./Drivers/STM32F4xx_HAL_Driver/Src/stm32f4xx_ll_usb.o
                0x00000000080066a6                USB_ReadDevInEPInterrupt
 .text.USB_GetMode
                0x0000000008006702       0x1c ./Drivers/STM32F4xx_HAL_Driver/Src/stm32f4xx_ll_usb.o
                0x0000000008006702                USB_GetMode
 .text.USB_ActivateSetup
                0x000000000800671e       0x46 ./Drivers/STM32F4xx_HAL_Driver/Src/stm32f4xx_ll_usb.o
                0x000000000800671e                USB_ActivateSetup
 .text.USB_EP0_OutStart
                0x0000000008006764       0xbc ./Drivers/STM32F4xx_HAL_Driver/Src/stm32f4xx_ll_usb.o
                0x0000000008006764                USB_EP0_OutStart
 .text.USB_CoreReset
                0x0000000008006820       0x68 ./Drivers/STM32F4xx_HAL_Driver/Src/stm32f4xx_ll_usb.o
 .text.USBD_CDC_Init
                0x0000000008006888      0x1f0 ./Middlewares/ST/STM32_USB_Device_Library/Class/CDC/Src/usbd_cdc.o
 .text.USBD_CDC_DeInit
                0x0000000008006a78      0x104 ./Middlewares/ST/STM32_USB_Device_Library/Class/CDC/Src/usbd_cdc.o
 .text.USBD_CDC_Setup
                0x0000000008006b7c      0x1b8 ./Middlewares/ST/STM32_USB_Device_Library/Class/CDC/Src/usbd_cdc.o
 .text.USBD_CDC_DataIn
                0x0000000008006d34       0xfe ./Middlewares/ST/STM32_USB_Device_Library/Class/CDC/Src/usbd_cdc.o
 .text.USBD_CDC_DataOut
                0x0000000008006e32       0x70 ./Middlewares/ST/STM32_USB_Device_Library/Class/CDC/Src/usbd_cdc.o
 .text.USBD_CDC_EP0_RxReady
                0x0000000008006ea2       0x76 ./Middlewares/ST/STM32_USB_Device_Library/Class/CDC/Src/usbd_cdc.o
 .text.USBD_CDC_GetFSCfgDesc
                0x0000000008006f18       0x70 ./Middlewares/ST/STM32_USB_Device_Library/Class/CDC/Src/usbd_cdc.o
 .text.USBD_CDC_GetHSCfgDesc
                0x0000000008006f88       0x70 ./Middlewares/ST/STM32_USB_Device_Library/Class/CDC/Src/usbd_cdc.o
 .text.USBD_CDC_GetOtherSpeedCfgDesc
                0x0000000008006ff8       0x70 ./Middlewares/ST/STM32_USB_Device_Library/Class/CDC/Src/usbd_cdc.o
 .text.USBD_CDC_GetDeviceQualifierDescriptor
                0x0000000008007068       0x20 ./Middlewares/ST/STM32_USB_Device_Library/Class/CDC/Src/usbd_cdc.o
                0x0000000008007068                USBD_CDC_GetDeviceQualifierDescriptor
 .text.USBD_CDC_RegisterInterface
                0x0000000008007088       0x34 ./Middlewares/ST/STM32_USB_Device_Library/Class/CDC/Src/usbd_cdc.o
                0x0000000008007088                USBD_CDC_RegisterInterface
 .text.USBD_CDC_SetTxBuffer
                0x00000000080070bc       0x44 ./Middlewares/ST/STM32_USB_Device_Library/Class/CDC/Src/usbd_cdc.o
                0x00000000080070bc                USBD_CDC_SetTxBuffer
 .text.USBD_CDC_SetRxBuffer
                0x0000000008007100       0x3a ./Middlewares/ST/STM32_USB_Device_Library/Class/CDC/Src/usbd_cdc.o
                0x0000000008007100                USBD_CDC_SetRxBuffer
 *fill*         0x000000000800713a        0x2 
 .text.USBD_CDC_TransmitPacket
                0x000000000800713c       0x8c ./Middlewares/ST/STM32_USB_Device_Library/Class/CDC/Src/usbd_cdc.o
                0x000000000800713c                USBD_CDC_TransmitPacket
 .text.USBD_CDC_ReceivePacket
                0x00000000080071c8       0x6c ./Middlewares/ST/STM32_USB_Device_Library/Class/CDC/Src/usbd_cdc.o
                0x00000000080071c8                USBD_CDC_ReceivePacket
 .text.USBD_Init
                0x0000000008007234       0x60 ./Middlewares/ST/STM32_USB_Device_Library/Core/Src/usbd_core.o
                0x0000000008007234                USBD_Init
 .text.USBD_RegisterClass
                0x0000000008007294       0x6c ./Middlewares/ST/STM32_USB_Device_Library/Core/Src/usbd_core.o
                0x0000000008007294                USBD_RegisterClass
 .text.USBD_Start
                0x0000000008007300       0x18 ./Middlewares/ST/STM32_USB_Device_Library/Core/Src/usbd_core.o
                0x0000000008007300                USBD_Start
 .text.USBD_RunTestMode
                0x0000000008007318       0x16 ./Middlewares/ST/STM32_USB_Device_Library/Core/Src/usbd_core.o
                0x0000000008007318                USBD_RunTestMode
 .text.USBD_SetClassConfig
                0x000000000800732e       0x38 ./Middlewares/ST/STM32_USB_Device_Library/Core/Src/usbd_core.o
                0x000000000800732e                USBD_SetClassConfig
 .text.USBD_ClrClassConfig
                0x0000000008007366       0x34 ./Middlewares/ST/STM32_USB_Device_Library/Core/Src/usbd_core.o
                0x0000000008007366                USBD_ClrClassConfig
 .text.USBD_LL_SetupStage
                0x000000000800739a       0xaa ./Middlewares/ST/STM32_USB_Device_Library/Core/Src/usbd_core.o
                0x000000000800739a                USBD_LL_SetupStage
 .text.USBD_LL_DataOutStage
                0x0000000008007444      0x166 ./Middlewares/ST/STM32_USB_Device_Library/Core/Src/usbd_core.o
                0x0000000008007444                USBD_LL_DataOutStage
 .text.USBD_LL_DataInStage
                0x00000000080075aa      0x164 ./Middlewares/ST/STM32_USB_Device_Library/Core/Src/usbd_core.o
                0x00000000080075aa                USBD_LL_DataInStage
 .text.USBD_LL_Reset
                0x000000000800770e       0xa4 ./Middlewares/ST/STM32_USB_Device_Library/Core/Src/usbd_core.o
                0x000000000800770e                USBD_LL_Reset
 .text.USBD_LL_SetSpeed
                0x00000000080077b2       0x20 ./Middlewares/ST/STM32_USB_Device_Library/Core/Src/usbd_core.o
                0x00000000080077b2                USBD_LL_SetSpeed
 .text.USBD_LL_Suspend
                0x00000000080077d2       0x2c ./Middlewares/ST/STM32_USB_Device_Library/Core/Src/usbd_core.o
                0x00000000080077d2                USBD_LL_Suspend
 .text.USBD_LL_Resume
                0x00000000080077fe       0x30 ./Middlewares/ST/STM32_USB_Device_Library/Core/Src/usbd_core.o
                0x00000000080077fe                USBD_LL_Resume
 .text.USBD_LL_SOF
                0x000000000800782e       0x40 ./Middlewares/ST/STM32_USB_Device_Library/Core/Src/usbd_core.o
                0x000000000800782e                USBD_LL_SOF
 .text.USBD_LL_IsoINIncomplete
                0x000000000800786e       0x64 ./Middlewares/ST/STM32_USB_Device_Library/Core/Src/usbd_core.o
                0x000000000800786e                USBD_LL_IsoINIncomplete
 .text.USBD_LL_IsoOUTIncomplete
                0x00000000080078d2       0x64 ./Middlewares/ST/STM32_USB_Device_Library/Core/Src/usbd_core.o
                0x00000000080078d2                USBD_LL_IsoOUTIncomplete
 .text.USBD_LL_DevConnected
                0x0000000008007936       0x16 ./Middlewares/ST/STM32_USB_Device_Library/Core/Src/usbd_core.o
                0x0000000008007936                USBD_LL_DevConnected
 .text.USBD_LL_DevDisconnected
                0x000000000800794c       0x46 ./Middlewares/ST/STM32_USB_Device_Library/Core/Src/usbd_core.o
                0x000000000800794c                USBD_LL_DevDisconnected
 .text.USBD_CoreFindIF
                0x0000000008007992       0x1a ./Middlewares/ST/STM32_USB_Device_Library/Core/Src/usbd_core.o
                0x0000000008007992                USBD_CoreFindIF
 .text.USBD_CoreFindEP
                0x00000000080079ac       0x1a ./Middlewares/ST/STM32_USB_Device_Library/Core/Src/usbd_core.o
                0x00000000080079ac                USBD_CoreFindEP
 .text.USBD_GetEpDesc
                0x00000000080079c6       0x74 ./Middlewares/ST/STM32_USB_Device_Library/Core/Src/usbd_core.o
                0x00000000080079c6                USBD_GetEpDesc
 .text.USBD_GetNextDesc
                0x0000000008007a3a       0x3a ./Middlewares/ST/STM32_USB_Device_Library/Core/Src/usbd_core.o
                0x0000000008007a3a                USBD_GetNextDesc
 .text.SWAPBYTE
                0x0000000008007a74       0x3c ./Middlewares/ST/STM32_USB_Device_Library/Core/Src/usbd_ctlreq.o
 .text.USBD_StdDevReq
                0x0000000008007ab0       0xe4 ./Middlewares/ST/STM32_USB_Device_Library/Core/Src/usbd_ctlreq.o
                0x0000000008007ab0                USBD_StdDevReq
 .text.USBD_StdItfReq
                0x0000000008007b94       0xd8 ./Middlewares/ST/STM32_USB_Device_Library/Core/Src/usbd_ctlreq.o
                0x0000000008007b94                USBD_StdItfReq
 .text.USBD_StdEPReq
                0x0000000008007c6c      0x33a ./Middlewares/ST/STM32_USB_Device_Library/Core/Src/usbd_ctlreq.o
                0x0000000008007c6c                USBD_StdEPReq
 *fill*         0x0000000008007fa6        0x2 
 .text.USBD_GetDescriptor
                0x0000000008007fa8      0x2d4 ./Middlewares/ST/STM32_USB_Device_Library/Core/Src/usbd_ctlreq.o
 .text.USBD_SetAddress
                0x000000000800827c       0x88 ./Middlewares/ST/STM32_USB_Device_Library/Core/Src/usbd_ctlreq.o
 .text.USBD_SetConfig
                0x0000000008008304      0x154 ./Middlewares/ST/STM32_USB_Device_Library/Core/Src/usbd_ctlreq.o
 .text.USBD_GetConfig
                0x0000000008008458       0x6c ./Middlewares/ST/STM32_USB_Device_Library/Core/Src/usbd_ctlreq.o
 .text.USBD_GetStatus
                0x00000000080084c4       0x68 ./Middlewares/ST/STM32_USB_Device_Library/Core/Src/usbd_ctlreq.o
 .text.USBD_SetFeature
                0x000000000800852c       0x52 ./Middlewares/ST/STM32_USB_Device_Library/Core/Src/usbd_ctlreq.o
 .text.USBD_ClrFeature
                0x000000000800857e       0x44 ./Middlewares/ST/STM32_USB_Device_Library/Core/Src/usbd_ctlreq.o
 .text.USBD_ParseSetupRequest
                0x00000000080085c2       0x74 ./Middlewares/ST/STM32_USB_Device_Library/Core/Src/usbd_ctlreq.o
                0x00000000080085c2                USBD_ParseSetupRequest
 .text.USBD_CtlError
                0x0000000008008636       0x22 ./Middlewares/ST/STM32_USB_Device_Library/Core/Src/usbd_ctlreq.o
                0x0000000008008636                USBD_CtlError
 .text.USBD_GetString
                0x0000000008008658       0x8c ./Middlewares/ST/STM32_USB_Device_Library/Core/Src/usbd_ctlreq.o
                0x0000000008008658                USBD_GetString
 .text.USBD_GetLen
                0x00000000080086e4       0x34 ./Middlewares/ST/STM32_USB_Device_Library/Core/Src/usbd_ctlreq.o
 .text.USBD_CtlSendData
                0x0000000008008718       0x36 ./Middlewares/ST/STM32_USB_Device_Library/Core/Src/usbd_ioreq.o
                0x0000000008008718                USBD_CtlSendData
 .text.USBD_CtlContinueSendData
                0x000000000800874e       0x22 ./Middlewares/ST/STM32_USB_Device_Library/Core/Src/usbd_ioreq.o
                0x000000000800874e                USBD_CtlContinueSendData
 .text.USBD_CtlPrepareRx
                0x0000000008008770       0x3a ./Middlewares/ST/STM32_USB_Device_Library/Core/Src/usbd_ioreq.o
                0x0000000008008770                USBD_CtlPrepareRx
 .text.USBD_CtlContinueRx
                0x00000000080087aa       0x22 ./Middlewares/ST/STM32_USB_Device_Library/Core/Src/usbd_ioreq.o
                0x00000000080087aa                USBD_CtlContinueRx
 .text.USBD_CtlSendStatus
                0x00000000080087cc       0x26 ./Middlewares/ST/STM32_USB_Device_Library/Core/Src/usbd_ioreq.o
                0x00000000080087cc                USBD_CtlSendStatus
 .text.USBD_CtlReceiveStatus
                0x00000000080087f2       0x26 ./Middlewares/ST/STM32_USB_Device_Library/Core/Src/usbd_ioreq.o
                0x00000000080087f2                USBD_CtlReceiveStatus
 .text.MX_USB_DEVICE_Init
                0x0000000008008818       0x60 ./USB_DEVICE/App/usb_device.o
                0x0000000008008818                MX_USB_DEVICE_Init
 .text.CDC_Init_FS
                0x0000000008008878       0x28 ./USB_DEVICE/App/usbd_cdc_if.o
 .text.CDC_DeInit_FS
                0x00000000080088a0       0x10 ./USB_DEVICE/App/usbd_cdc_if.o
 .text.CDC_Control_FS
                0x00000000080088b0       0xbc ./USB_DEVICE/App/usbd_cdc_if.o
 .text.CDC_Receive_FS
                0x000000000800896c       0x28 ./USB_DEVICE/App/usbd_cdc_if.o
 .text.CDC_Transmit_FS
                0x0000000008008994       0x4c ./USB_DEVICE/App/usbd_cdc_if.o
                0x0000000008008994                CDC_Transmit_FS
 .text.CDC_TransmitCplt_FS
                0x00000000080089e0       0x22 ./USB_DEVICE/App/usbd_cdc_if.o
 *fill*         0x0000000008008a02        0x2 
 .text.USBD_FS_DeviceDescriptor
                0x0000000008008a04       0x24 ./USB_DEVICE/App/usbd_desc.o
                0x0000000008008a04                USBD_FS_DeviceDescriptor
 .text.USBD_FS_LangIDStrDescriptor
                0x0000000008008a28       0x24 ./USB_DEVICE/App/usbd_desc.o
                0x0000000008008a28                USBD_FS_LangIDStrDescriptor
 .text.USBD_FS_ProductStrDescriptor
                0x0000000008008a4c       0x3c ./USB_DEVICE/App/usbd_desc.o
                0x0000000008008a4c                USBD_FS_ProductStrDescriptor
 .text.USBD_FS_ManufacturerStrDescriptor
                0x0000000008008a88       0x28 ./USB_DEVICE/App/usbd_desc.o
                0x0000000008008a88                USBD_FS_ManufacturerStrDescriptor
 .text.USBD_FS_SerialStrDescriptor
                0x0000000008008ab0       0x24 ./USB_DEVICE/App/usbd_desc.o
                0x0000000008008ab0                USBD_FS_SerialStrDescriptor
 .text.USBD_FS_ConfigStrDescriptor
                0x0000000008008ad4       0x3c ./USB_DEVICE/App/usbd_desc.o
                0x0000000008008ad4                USBD_FS_ConfigStrDescriptor
 .text.USBD_FS_InterfaceStrDescriptor
                0x0000000008008b10       0x3c ./USB_DEVICE/App/usbd_desc.o
                0x0000000008008b10                USBD_FS_InterfaceStrDescriptor
 .text.Get_SerialNum
                0x0000000008008b4c       0x58 ./USB_DEVICE/App/usbd_desc.o
 .text.IntToUnicode
                0x0000000008008ba4       0x7e ./USB_DEVICE/App/usbd_desc.o
 *fill*         0x0000000008008c22        0x2 
 .text.HAL_PCD_MspInit
                0x0000000008008c24       0xa8 ./USB_DEVICE/Target/usbd_conf.o
                0x0000000008008c24                HAL_PCD_MspInit
 .text.HAL_PCD_SetupStageCallback
                0x0000000008008ccc       0x24 ./USB_DEVICE/Target/usbd_conf.o
                0x0000000008008ccc                HAL_PCD_SetupStageCallback
 .text.HAL_PCD_DataOutStageCallback
                0x0000000008008cf0       0x36 ./USB_DEVICE/Target/usbd_conf.o
                0x0000000008008cf0                HAL_PCD_DataOutStageCallback
 .text.HAL_PCD_DataInStageCallback
                0x0000000008008d26       0x34 ./USB_DEVICE/Target/usbd_conf.o
                0x0000000008008d26                HAL_PCD_DataInStageCallback
 .text.HAL_PCD_SOFCallback
                0x0000000008008d5a       0x1c ./USB_DEVICE/Target/usbd_conf.o
                0x0000000008008d5a                HAL_PCD_SOFCallback
 .text.HAL_PCD_ResetCallback
                0x0000000008008d76       0x50 ./USB_DEVICE/Target/usbd_conf.o
                0x0000000008008d76                HAL_PCD_ResetCallback
 *fill*         0x0000000008008dc6        0x2 
 .text.HAL_PCD_SuspendCallback
                0x0000000008008dc8       0x4c ./USB_DEVICE/Target/usbd_conf.o
                0x0000000008008dc8                HAL_PCD_SuspendCallback
 .text.HAL_PCD_ResumeCallback
                0x0000000008008e14       0x1c ./USB_DEVICE/Target/usbd_conf.o
                0x0000000008008e14                HAL_PCD_ResumeCallback
 .text.HAL_PCD_ISOOUTIncompleteCallback
                0x0000000008008e30       0x24 ./USB_DEVICE/Target/usbd_conf.o
                0x0000000008008e30                HAL_PCD_ISOOUTIncompleteCallback
 .text.HAL_PCD_ISOINIncompleteCallback
                0x0000000008008e54       0x24 ./USB_DEVICE/Target/usbd_conf.o
                0x0000000008008e54                HAL_PCD_ISOINIncompleteCallback
 .text.HAL_PCD_ConnectCallback
                0x0000000008008e78       0x1c ./USB_DEVICE/Target/usbd_conf.o
                0x0000000008008e78                HAL_PCD_ConnectCallback
 .text.HAL_PCD_DisconnectCallback
                0x0000000008008e94       0x1c ./USB_DEVICE/Target/usbd_conf.o
                0x0000000008008e94                HAL_PCD_DisconnectCallback
 .text.USBD_LL_Init
                0x0000000008008eb0       0x98 ./USB_DEVICE/Target/usbd_conf.o
                0x0000000008008eb0                USBD_LL_Init
 .text.USBD_LL_Start
                0x0000000008008f48       0x36 ./USB_DEVICE/Target/usbd_conf.o
                0x0000000008008f48                USBD_LL_Start
 .text.USBD_LL_OpenEP
                0x0000000008008f7e       0x4c ./USB_DEVICE/Target/usbd_conf.o
                0x0000000008008f7e                USBD_LL_OpenEP
 .text.USBD_LL_CloseEP
                0x0000000008008fca       0x3e ./USB_DEVICE/Target/usbd_conf.o
                0x0000000008008fca                USBD_LL_CloseEP
 .text.USBD_LL_StallEP
                0x0000000008009008       0x3e ./USB_DEVICE/Target/usbd_conf.o
                0x0000000008009008                USBD_LL_StallEP
 .text.USBD_LL_ClearStallEP
                0x0000000008009046       0x3e ./USB_DEVICE/Target/usbd_conf.o
                0x0000000008009046                USBD_LL_ClearStallEP
 .text.USBD_LL_IsStallEP
                0x0000000008009084       0x58 ./USB_DEVICE/Target/usbd_conf.o
                0x0000000008009084                USBD_LL_IsStallEP
 .text.USBD_LL_SetUSBAddress
                0x00000000080090dc       0x3e ./USB_DEVICE/Target/usbd_conf.o
                0x00000000080090dc                USBD_LL_SetUSBAddress
 .text.USBD_LL_Transmit
                0x000000000800911a       0x42 ./USB_DEVICE/Target/usbd_conf.o
                0x000000000800911a                USBD_LL_Transmit
 .text.USBD_LL_PrepareReceive
                0x000000000800915c       0x42 ./USB_DEVICE/Target/usbd_conf.o
                0x000000000800915c                USBD_LL_PrepareReceive
 .text.USBD_LL_GetRxDataSize
                0x000000000800919e       0x26 ./USB_DEVICE/Target/usbd_conf.o
                0x000000000800919e                USBD_LL_GetRxDataSize
 .text.USBD_static_malloc
                0x00000000080091c4       0x1c ./USB_DEVICE/Target/usbd_conf.o
                0x00000000080091c4                USBD_static_malloc
 .text.USBD_static_free
                0x00000000080091e0       0x14 ./USB_DEVICE/Target/usbd_conf.o
                0x00000000080091e0                USBD_static_free
 .text.USBD_Get_USB_Status
                0x00000000080091f4       0x58 ./USB_DEVICE/Target/usbd_conf.o
                0x00000000080091f4                USBD_Get_USB_Status
 .text.__libc_init_array
                0x000000000800924c       0x48 c:/st/stm32cubeide_1.12.1/stm32cubeide/plugins/com.st.stm32cube.ide.mcu.externaltools.gnu-tools-for-stm32.10.3-2021.10.win32_1.0.200.202301161003/tools/bin/../lib/gcc/arm-none-eabi/10.3.1/../../../../arm-none-eabi/lib/thumb/v7e-m+fp/hard\libc_nano.a(lib_a-init.o)
                0x000000000800924c                __libc_init_array
 .text.memset   0x0000000008009294       0x10 c:/st/stm32cubeide_1.12.1/stm32cubeide/plugins/com.st.stm32cube.ide.mcu.externaltools.gnu-tools-for-stm32.10.3-2021.10.win32_1.0.200.202301161003/tools/bin/../lib/gcc/arm-none-eabi/10.3.1/../../../../arm-none-eabi/lib/thumb/v7e-m+fp/hard\libc_nano.a(lib_a-memset.o)
                0x0000000008009294                memset
 *(.glue_7)
 .glue_7        0x00000000080092a4        0x0 linker stubs
 *(.glue_7t)
 .glue_7t       0x00000000080092a4        0x0 linker stubs
 *(.eh_frame)
 .eh_frame      0x00000000080092a4        0x0 c:/st/stm32cubeide_1.12.1/stm32cubeide/plugins/com.st.stm32cube.ide.mcu.externaltools.gnu-tools-for-stm32.10.3-2021.10.win32_1.0.200.202301161003/tools/bin/../lib/gcc/arm-none-eabi/10.3.1/thumb/v7e-m+fp/hard/crtbegin.o
 *(.init)
 .init          0x00000000080092a4        0x4 c:/st/stm32cubeide_1.12.1/stm32cubeide/plugins/com.st.stm32cube.ide.mcu.externaltools.gnu-tools-for-stm32.10.3-2021.10.win32_1.0.200.202301161003/tools/bin/../lib/gcc/arm-none-eabi/10.3.1/thumb/v7e-m+fp/hard/crti.o
                0x00000000080092a4                _init
 .init          0x00000000080092a8        0x8 c:/st/stm32cubeide_1.12.1/stm32cubeide/plugins/com.st.stm32cube.ide.mcu.externaltools.gnu-tools-for-stm32.10.3-2021.10.win32_1.0.200.202301161003/tools/bin/../lib/gcc/arm-none-eabi/10.3.1/thumb/v7e-m+fp/hard/crtn.o
 *(.fini)
 .fini          0x00000000080092b0        0x4 c:/st/stm32cubeide_1.12.1/stm32cubeide/plugins/com.st.stm32cube.ide.mcu.externaltools.gnu-tools-for-stm32.10.3-2021.10.win32_1.0.200.202301161003/tools/bin/../lib/gcc/arm-none-eabi/10.3.1/thumb/v7e-m+fp/hard/crti.o
                0x00000000080092b0                _fini
 .fini          0x00000000080092b4        0x8 c:/st/stm32cubeide_1.12.1/stm32cubeide/plugins/com.st.stm32cube.ide.mcu.externaltools.gnu-tools-for-stm32.10.3-2021.10.win32_1.0.200.202301161003/tools/bin/../lib/gcc/arm-none-eabi/10.3.1/thumb/v7e-m+fp/hard/crtn.o
                0x00000000080092bc                . = ALIGN (0x4)
                0x00000000080092bc                _etext = .

.vfp11_veneer   0x00000000080092bc        0x0
 .vfp11_veneer  0x00000000080092bc        0x0 linker stubs

.v4_bx          0x00000000080092bc        0x0
 .v4_bx         0x00000000080092bc        0x0 linker stubs

.iplt           0x00000000080092bc        0x0
 .iplt          0x00000000080092bc        0x0 c:/st/stm32cubeide_1.12.1/stm32cubeide/plugins/com.st.stm32cube.ide.mcu.externaltools.gnu-tools-for-stm32.10.3-2021.10.win32_1.0.200.202301161003/tools/bin/../lib/gcc/arm-none-eabi/10.3.1/thumb/v7e-m+fp/hard/crtbegin.o

.rodata         0x00000000080092bc       0x60
                0x00000000080092bc                . = ALIGN (0x4)
 *(.rodata)
 .rodata        0x00000000080092bc       0x46 ./USB_DEVICE/App/usbd_desc.o
 *(.rodata*)
 *fill*         0x0000000008009302        0x2 
 .rodata.AHBPrescTable
                0x0000000008009304       0x10 ./Core/Src/system_stm32f4xx.o
                0x0000000008009304                AHBPrescTable
 .rodata.flagBitshiftOffset.0
                0x0000000008009314        0x8 ./Drivers/STM32F4xx_HAL_Driver/Src/stm32f4xx_hal_dma.o
                0x000000000800931c                . = ALIGN (0x4)

.ARM.extab      0x000000000800931c        0x0
                0x000000000800931c                . = ALIGN (0x4)
 *(.ARM.extab* .gnu.linkonce.armextab.*)
                0x000000000800931c                . = ALIGN (0x4)

.ARM            0x000000000800931c        0x8
                0x000000000800931c                . = ALIGN (0x4)
                0x000000000800931c                __exidx_start = .
 *(.ARM.exidx*)
 .ARM.exidx     0x000000000800931c        0x8 c:/st/stm32cubeide_1.12.1/stm32cubeide/plugins/com.st.stm32cube.ide.mcu.externaltools.gnu-tools-for-stm32.10.3-2021.10.win32_1.0.200.202301161003/tools/bin/../lib/gcc/arm-none-eabi/10.3.1/thumb/v7e-m+fp/hard\libgcc.a(_udivmoddi4.o)
                0x0000000008009324                __exidx_end = .
                0x0000000008009324                . = ALIGN (0x4)

.rel.dyn        0x0000000008009324        0x0
 .rel.iplt      0x0000000008009324        0x0 c:/st/stm32cubeide_1.12.1/stm32cubeide/plugins/com.st.stm32cube.ide.mcu.externaltools.gnu-tools-for-stm32.10.3-2021.10.win32_1.0.200.202301161003/tools/bin/../lib/gcc/arm-none-eabi/10.3.1/thumb/v7e-m+fp/hard/crtbegin.o

.preinit_array  0x0000000008009324        0x0
                0x0000000008009324                . = ALIGN (0x4)
                0x0000000008009324                PROVIDE (__preinit_array_start = .)
 *(.preinit_array*)
                0x0000000008009324                PROVIDE (__preinit_array_end = .)
                0x0000000008009324                . = ALIGN (0x4)

.init_array     0x0000000008009324        0x4
                0x0000000008009324                . = ALIGN (0x4)
                0x0000000008009324                PROVIDE (__init_array_start = .)
 *(SORT_BY_NAME(.init_array.*))
 *(.init_array*)
 .init_array    0x0000000008009324        0x4 c:/st/stm32cubeide_1.12.1/stm32cubeide/plugins/com.st.stm32cube.ide.mcu.externaltools.gnu-tools-for-stm32.10.3-2021.10.win32_1.0.200.202301161003/tools/bin/../lib/gcc/arm-none-eabi/10.3.1/thumb/v7e-m+fp/hard/crtbegin.o
                0x0000000008009328                PROVIDE (__init_array_end = .)
                0x0000000008009328                . = ALIGN (0x4)

.fini_array     0x0000000008009328        0x4
                0x0000000008009328                . = ALIGN (0x4)
                [!provide]                        PROVIDE (__fini_array_start = .)
 *(SORT_BY_NAME(.fini_array.*))
 *(.fini_array*)
 .fini_array    0x0000000008009328        0x4 c:/st/stm32cubeide_1.12.1/stm32cubeide/plugins/com.st.stm32cube.ide.mcu.externaltools.gnu-tools-for-stm32.10.3-2021.10.win32_1.0.200.202301161003/tools/bin/../lib/gcc/arm-none-eabi/10.3.1/thumb/v7e-m+fp/hard/crtbegin.o
                [!provide]                        PROVIDE (__fini_array_end = .)
                0x000000000800932c                . = ALIGN (0x4)
                0x000000000800932c                _sidata = LOADADDR (.data)

.data           0x0000000020000000       0xfc load address 0x000000000800932c
                0x0000000020000000                . = ALIGN (0x4)
                0x0000000020000000                _sdata = .
 *(.data)
 *(.data*)
 .data.SystemCoreClock
                0x0000000020000000        0x4 ./Core/Src/system_stm32f4xx.o
                0x0000000020000000                SystemCoreClock
 .data.uwTickPrio
                0x0000000020000004        0x4 ./Drivers/STM32F4xx_HAL_Driver/Src/stm32f4xx_hal.o
                0x0000000020000004                uwTickPrio
 .data.uwTickFreq
                0x0000000020000008        0x1 ./Drivers/STM32F4xx_HAL_Driver/Src/stm32f4xx_hal.o
                0x0000000020000008                uwTickFreq
 *fill*         0x0000000020000009        0x3 
 .data.USBD_CDC_DeviceQualifierDesc
                0x000000002000000c        0xa ./Middlewares/ST/STM32_USB_Device_Library/Class/CDC/Src/usbd_cdc.o
 *fill*         0x0000000020000016        0x2 
 .data.USBD_CDC
                0x0000000020000018       0x38 ./Middlewares/ST/STM32_USB_Device_Library/Class/CDC/Src/usbd_cdc.o
                0x0000000020000018                USBD_CDC
 .data.USBD_CDC_CfgDesc
                0x0000000020000050       0x43 ./Middlewares/ST/STM32_USB_Device_Library/Class/CDC/Src/usbd_cdc.o
 .data.CDCInEpAdd
                0x0000000020000093        0x1 ./Middlewares/ST/STM32_USB_Device_Library/Class/CDC/Src/usbd_cdc.o
 .data.CDCOutEpAdd
                0x0000000020000094        0x1 ./Middlewares/ST/STM32_USB_Device_Library/Class/CDC/Src/usbd_cdc.o
 .data.CDCCmdEpAdd
                0x0000000020000095        0x1 ./Middlewares/ST/STM32_USB_Device_Library/Class/CDC/Src/usbd_cdc.o
 *fill*         0x0000000020000096        0x2 
 .data.USBD_Interface_fops_FS
                0x0000000020000098       0x14 ./USB_DEVICE/App/usbd_cdc_if.o
                0x0000000020000098                USBD_Interface_fops_FS
 .data.FS_Desc  0x00000000200000ac       0x1c ./USB_DEVICE/App/usbd_desc.o
                0x00000000200000ac                FS_Desc
 .data.USBD_FS_DeviceDesc
                0x00000000200000c8       0x12 ./USB_DEVICE/App/usbd_desc.o
                0x00000000200000c8                USBD_FS_DeviceDesc
 *fill*         0x00000000200000da        0x2 
 .data.USBD_LangIDDesc
                0x00000000200000dc        0x4 ./USB_DEVICE/App/usbd_desc.o
                0x00000000200000dc                USBD_LangIDDesc
 .data.USBD_StringSerial
                0x00000000200000e0       0x1a ./USB_DEVICE/App/usbd_desc.o
                0x00000000200000e0                USBD_StringSerial
 *(.RamFunc)
 *(.RamFunc*)
                0x00000000200000fc                . = ALIGN (0x4)
 *fill*         0x00000000200000fa        0x2 
                0x00000000200000fc                _edata = .

.igot.plt       0x00000000200000fc        0x0 load address 0x0000000008009428
 .igot.plt      0x00000000200000fc        0x0 c:/st/stm32cubeide_1.12.1/stm32cubeide/plugins/com.st.stm32cube.ide.mcu.externaltools.gnu-tools-for-stm32.10.3-2021.10.win32_1.0.200.202301161003/tools/bin/../lib/gcc/arm-none-eabi/10.3.1/thumb/v7e-m+fp/hard/crtbegin.o
                0x00000000200000fc                . = ALIGN (0x4)

.bss            0x00000000200000fc     0x4cd4 load address 0x0000000008009428
                0x00000000200000fc                _sbss = .
                0x00000000200000fc                __bss_start__ = _sbss
 *(.bss)
 .bss           0x00000000200000fc       0x1c c:/st/stm32cubeide_1.12.1/stm32cubeide/plugins/com.st.stm32cube.ide.mcu.externaltools.gnu-tools-for-stm32.10.3-2021.10.win32_1.0.200.202301161003/tools/bin/../lib/gcc/arm-none-eabi/10.3.1/thumb/v7e-m+fp/hard/crtbegin.o
 *(.bss*)
 .bss.hadc1     0x0000000020000118       0x48 ./Core/Src/main.o
                0x0000000020000118                hadc1
 .bss.hdma_adc1
                0x0000000020000160       0x60 ./Core/Src/main.o
                0x0000000020000160                hdma_adc1
 .bss.htim2     0x00000000200001c0       0x48 ./Core/Src/main.o
                0x00000000200001c0                htim2
 .bss.htim3     0x0000000020000208       0x48 ./Core/Src/main.o
                0x0000000020000208                htim3
 .bss.htim4     0x0000000020000250       0x48 ./Core/Src/main.o
                0x0000000020000250                htim4
 .bss.htim5     0x0000000020000298       0x48 ./Core/Src/main.o
                0x0000000020000298                htim5
 .bss.CCDPixelBuffer
                0x00000000200002e0     0x2ee0 ./Core/Src/main.o
                0x00000000200002e0                CCDPixelBuffer
 .bss.uwTick    0x00000000200031c0        0x4 ./Drivers/STM32F4xx_HAL_Driver/Src/stm32f4xx_hal.o
                0x00000000200031c0                uwTick
 .bss.cfgidx.0  0x00000000200031c4        0x1 ./Middlewares/ST/STM32_USB_Device_Library/Core/Src/usbd_ctlreq.o
 *fill*         0x00000000200031c5        0x3 
 .bss.hUsbDeviceFS
                0x00000000200031c8      0x2dc ./USB_DEVICE/App/usb_device.o
                0x00000000200031c8                hUsbDeviceFS
 .bss.UserRxBufferFS
                0x00000000200034a4      0x800 ./USB_DEVICE/App/usbd_cdc_if.o
                0x00000000200034a4                UserRxBufferFS
 .bss.UserTxBufferFS
                0x0000000020003ca4      0x800 ./USB_DEVICE/App/usbd_cdc_if.o
                0x0000000020003ca4                UserTxBufferFS
 .bss.USBD_StrDesc
                0x00000000200044a4      0x200 ./USB_DEVICE/App/usbd_desc.o
                0x00000000200044a4                USBD_StrDesc
 .bss.hpcd_USB_OTG_FS
                0x00000000200046a4      0x50c ./USB_DEVICE/Target/usbd_conf.o
                0x00000000200046a4                hpcd_USB_OTG_FS
 .bss.mem.0     0x0000000020004bb0      0x220 ./USB_DEVICE/Target/usbd_conf.o
 *(COMMON)
                0x0000000020004dd0                . = ALIGN (0x4)
                0x0000000020004dd0                _ebss = .
                0x0000000020004dd0                __bss_end__ = _ebss

._user_heap_stack
                0x0000000020004dd0      0x600 load address 0x0000000008009428
                0x0000000020004dd0                . = ALIGN (0x8)
                [!provide]                        PROVIDE (end = .)
                0x0000000020004dd0                PROVIDE (_end = .)
                0x0000000020004fd0                . = (. + _Min_Heap_Size)
 *fill*         0x0000000020004dd0      0x200 
                0x00000000200053d0                . = (. + _Min_Stack_Size)
 *fill*         0x0000000020004fd0      0x400 
                0x00000000200053d0                . = ALIGN (0x8)

/DISCARD/
 libc.a(*)
 libm.a(*)
 libgcc.a(*)

.ARM.attributes
                0x0000000000000000       0x30
 *(.ARM.attributes)
 .ARM.attributes
                0x0000000000000000       0x1e c:/st/stm32cubeide_1.12.1/stm32cubeide/plugins/com.st.stm32cube.ide.mcu.externaltools.gnu-tools-for-stm32.10.3-2021.10.win32_1.0.200.202301161003/tools/bin/../lib/gcc/arm-none-eabi/10.3.1/thumb/v7e-m+fp/hard/crti.o
 .ARM.attributes
                0x000000000000001e       0x34 c:/st/stm32cubeide_1.12.1/stm32cubeide/plugins/com.st.stm32cube.ide.mcu.externaltools.gnu-tools-for-stm32.10.3-2021.10.win32_1.0.200.202301161003/tools/bin/../lib/gcc/arm-none-eabi/10.3.1/thumb/v7e-m+fp/hard/crtbegin.o
 .ARM.attributes
                0x0000000000000052       0x34 ./Core/Src/main.o
 .ARM.attributes
                0x0000000000000086       0x34 ./Core/Src/stm32f4xx_hal_msp.o
 .ARM.attributes
                0x00000000000000ba       0x34 ./Core/Src/stm32f4xx_it.o
 .ARM.attributes
                0x00000000000000ee       0x34 ./Core/Src/system_stm32f4xx.o
 .ARM.attributes
                0x0000000000000122       0x21 ./Core/Startup/startup_stm32f401retx.o
 .ARM.attributes
                0x0000000000000143       0x34 ./Drivers/STM32F4xx_HAL_Driver/Src/stm32f4xx_hal.o
 .ARM.attributes
                0x0000000000000177       0x34 ./Drivers/STM32F4xx_HAL_Driver/Src/stm32f4xx_hal_adc.o
 .ARM.attributes
                0x00000000000001ab       0x34 ./Drivers/STM32F4xx_HAL_Driver/Src/stm32f4xx_hal_cortex.o
 .ARM.attributes
                0x00000000000001df       0x34 ./Drivers/STM32F4xx_HAL_Driver/Src/stm32f4xx_hal_dma.o
 .ARM.attributes
                0x0000000000000213       0x34 ./Drivers/STM32F4xx_HAL_Driver/Src/stm32f4xx_hal_gpio.o
 .ARM.attributes
                0x0000000000000247       0x34 ./Drivers/STM32F4xx_HAL_Driver/Src/stm32f4xx_hal_pcd.o
 .ARM.attributes
                0x000000000000027b       0x34 ./Drivers/STM32F4xx_HAL_Driver/Src/stm32f4xx_hal_pcd_ex.o
 .ARM.attributes
                0x00000000000002af       0x34 ./Drivers/STM32F4xx_HAL_Driver/Src/stm32f4xx_hal_rcc.o
 .ARM.attributes
                0x00000000000002e3       0x34 ./Drivers/STM32F4xx_HAL_Driver/Src/stm32f4xx_hal_tim.o
 .ARM.attributes
                0x0000000000000317       0x34 ./Drivers/STM32F4xx_HAL_Driver/Src/stm32f4xx_hal_tim_ex.o
 .ARM.attributes
                0x000000000000034b       0x34 ./Drivers/STM32F4xx_HAL_Driver/Src/stm32f4xx_ll_usb.o
 .ARM.attributes
                0x000000000000037f       0x34 ./Middlewares/ST/STM32_USB_Device_Library/Class/CDC/Src/usbd_cdc.o
 .ARM.attributes
                0x00000000000003b3       0x34 ./Middlewares/ST/STM32_USB_Device_Library/Core/Src/usbd_core.o
 .ARM.attributes
                0x00000000000003e7       0x34 ./Middlewares/ST/STM32_USB_Device_Library/Core/Src/usbd_ctlreq.o
 .ARM.attributes
                0x000000000000041b       0x34 ./Middlewares/ST/STM32_USB_Device_Library/Core/Src/usbd_ioreq.o
 .ARM.attributes
                0x000000000000044f       0x34 ./USB_DEVICE/App/usb_device.o
 .ARM.attributes
                0x0000000000000483       0x34 ./USB_DEVICE/App/usbd_cdc_if.o
 .ARM.attributes
                0x00000000000004b7       0x34 ./USB_DEVICE/App/usbd_desc.o
 .ARM.attributes
                0x00000000000004eb       0x34 ./USB_DEVICE/Target/usbd_conf.o
 .ARM.attributes
                0x000000000000051f       0x34 c:/st/stm32cubeide_1.12.1/stm32cubeide/plugins/com.st.stm32cube.ide.mcu.externaltools.gnu-tools-for-stm32.10.3-2021.10.win32_1.0.200.202301161003/tools/bin/../lib/gcc/arm-none-eabi/10.3.1/../../../../arm-none-eabi/lib/thumb/v7e-m+fp/hard\libc_nano.a(lib_a-init.o)
 .ARM.attributes
                0x0000000000000553       0x34 c:/st/stm32cubeide_1.12.1/stm32cubeide/plugins/com.st.stm32cube.ide.mcu.externaltools.gnu-tools-for-stm32.10.3-2021.10.win32_1.0.200.202301161003/tools/bin/../lib/gcc/arm-none-eabi/10.3.1/../../../../arm-none-eabi/lib/thumb/v7e-m+fp/hard\libc_nano.a(lib_a-memset.o)
 .ARM.attributes
                0x0000000000000587       0x1e c:/st/stm32cubeide_1.12.1/stm32cubeide/plugins/com.st.stm32cube.ide.mcu.externaltools.gnu-tools-for-stm32.10.3-2021.10.win32_1.0.200.202301161003/tools/bin/../lib/gcc/arm-none-eabi/10.3.1/thumb/v7e-m+fp/hard\libgcc.a(_aeabi_uldivmod.o)
 .ARM.attributes
                0x00000000000005a5       0x34 c:/st/stm32cubeide_1.12.1/stm32cubeide/plugins/com.st.stm32cube.ide.mcu.externaltools.gnu-tools-for-stm32.10.3-2021.10.win32_1.0.200.202301161003/tools/bin/../lib/gcc/arm-none-eabi/10.3.1/thumb/v7e-m+fp/hard\libgcc.a(_udivmoddi4.o)
 .ARM.attributes
                0x00000000000005d9       0x1e c:/st/stm32cubeide_1.12.1/stm32cubeide/plugins/com.st.stm32cube.ide.mcu.externaltools.gnu-tools-for-stm32.10.3-2021.10.win32_1.0.200.202301161003/tools/bin/../lib/gcc/arm-none-eabi/10.3.1/thumb/v7e-m+fp/hard\libgcc.a(_dvmd_tls.o)
 .ARM.attributes
                0x00000000000005f7       0x1e c:/st/stm32cubeide_1.12.1/stm32cubeide/plugins/com.st.stm32cube.ide.mcu.externaltools.gnu-tools-for-stm32.10.3-2021.10.win32_1.0.200.202301161003/tools/bin/../lib/gcc/arm-none-eabi/10.3.1/thumb/v7e-m+fp/hard/crtn.o
OUTPUT(Linear CCD driver.elf elf32-littlearm)
LOAD linker stubs
LOAD c:/st/stm32cubeide_1.12.1/stm32cubeide/plugins/com.st.stm32cube.ide.mcu.externaltools.gnu-tools-for-stm32.10.3-2021.10.win32_1.0.200.202301161003/tools/bin/../lib/gcc/arm-none-eabi/10.3.1/../../../../arm-none-eabi/lib/thumb/v7e-m+fp/hard\libc.a
LOAD c:/st/stm32cubeide_1.12.1/stm32cubeide/plugins/com.st.stm32cube.ide.mcu.externaltools.gnu-tools-for-stm32.10.3-2021.10.win32_1.0.200.202301161003/tools/bin/../lib/gcc/arm-none-eabi/10.3.1/../../../../arm-none-eabi/lib/thumb/v7e-m+fp/hard\libm.a
LOAD c:/st/stm32cubeide_1.12.1/stm32cubeide/plugins/com.st.stm32cube.ide.mcu.externaltools.gnu-tools-for-stm32.10.3-2021.10.win32_1.0.200.202301161003/tools/bin/../lib/gcc/arm-none-eabi/10.3.1/thumb/v7e-m+fp/hard\libgcc.a

.debug_info     0x0000000000000000    0x15199
 .debug_info    0x0000000000000000     0x1512 ./Core/Src/main.o
 .debug_info    0x0000000000001512      0xeba ./Core/Src/stm32f4xx_hal_msp.o
 .debug_info    0x00000000000023cc      0x8cd ./Core/Src/stm32f4xx_it.o
 .debug_info    0x0000000000002c99      0x54f ./Core/Src/system_stm32f4xx.o
 .debug_info    0x00000000000031e8       0x22 ./Core/Startup/startup_stm32f401retx.o
 .debug_info    0x000000000000320a      0x906 ./Drivers/STM32F4xx_HAL_Driver/Src/stm32f4xx_hal.o
 .debug_info    0x0000000000003b10      0xd68 ./Drivers/STM32F4xx_HAL_Driver/Src/stm32f4xx_hal_adc.o
 .debug_info    0x0000000000004878      0xd85 ./Drivers/STM32F4xx_HAL_Driver/Src/stm32f4xx_hal_cortex.o
 .debug_info    0x00000000000055fd      0x947 ./Drivers/STM32F4xx_HAL_Driver/Src/stm32f4xx_hal_dma.o
 .debug_info    0x0000000000005f44      0x78e ./Drivers/STM32F4xx_HAL_Driver/Src/stm32f4xx_hal_gpio.o
 .debug_info    0x00000000000066d2     0x168d ./Drivers/STM32F4xx_HAL_Driver/Src/stm32f4xx_hal_pcd.o
 .debug_info    0x0000000000007d5f      0x717 ./Drivers/STM32F4xx_HAL_Driver/Src/stm32f4xx_hal_pcd_ex.o
 .debug_info    0x0000000000008476      0x98c ./Drivers/STM32F4xx_HAL_Driver/Src/stm32f4xx_hal_rcc.o
 .debug_info    0x0000000000008e02     0x2bb6 ./Drivers/STM32F4xx_HAL_Driver/Src/stm32f4xx_hal_tim.o
 .debug_info    0x000000000000b9b8     0x15d8 ./Drivers/STM32F4xx_HAL_Driver/Src/stm32f4xx_hal_tim_ex.o
 .debug_info    0x000000000000cf90     0x1a97 ./Drivers/STM32F4xx_HAL_Driver/Src/stm32f4xx_ll_usb.o
 .debug_info    0x000000000000ea27     0x130c ./Middlewares/ST/STM32_USB_Device_Library/Class/CDC/Src/usbd_cdc.o
 .debug_info    0x000000000000fd33      0xee7 ./Middlewares/ST/STM32_USB_Device_Library/Core/Src/usbd_core.o
 .debug_info    0x0000000000010c1a      0xb7f ./Middlewares/ST/STM32_USB_Device_Library/Core/Src/usbd_ctlreq.o
 .debug_info    0x0000000000011799      0x7da ./Middlewares/ST/STM32_USB_Device_Library/Core/Src/usbd_ioreq.o
 .debug_info    0x0000000000011f73      0x76a ./USB_DEVICE/App/usb_device.o
 .debug_info    0x00000000000126dd      0x96f ./USB_DEVICE/App/usbd_cdc_if.o
 .debug_info    0x000000000001304c      0x498 ./USB_DEVICE/App/usbd_desc.o
 .debug_info    0x00000000000134e4     0x1cb5 ./USB_DEVICE/Target/usbd_conf.o

.debug_abbrev   0x0000000000000000     0x3415
 .debug_abbrev  0x0000000000000000      0x2f2 ./Core/Src/main.o
 .debug_abbrev  0x00000000000002f2      0x23e ./Core/Src/stm32f4xx_hal_msp.o
 .debug_abbrev  0x0000000000000530      0x1b3 ./Core/Src/stm32f4xx_it.o
 .debug_abbrev  0x00000000000006e3      0x116 ./Core/Src/system_stm32f4xx.o
 .debug_abbrev  0x00000000000007f9       0x12 ./Core/Startup/startup_stm32f401retx.o
 .debug_abbrev  0x000000000000080b      0x23e ./Drivers/STM32F4xx_HAL_Driver/Src/stm32f4xx_hal.o
 .debug_abbrev  0x0000000000000a49      0x204 ./Drivers/STM32F4xx_HAL_Driver/Src/stm32f4xx_hal_adc.o
 .debug_abbrev  0x0000000000000c4d      0x316 ./Drivers/STM32F4xx_HAL_Driver/Src/stm32f4xx_hal_cortex.o
 .debug_abbrev  0x0000000000000f63      0x21b ./Drivers/STM32F4xx_HAL_Driver/Src/stm32f4xx_hal_dma.o
 .debug_abbrev  0x000000000000117e      0x1c4 ./Drivers/STM32F4xx_HAL_Driver/Src/stm32f4xx_hal_gpio.o
 .debug_abbrev  0x0000000000001342      0x2bb ./Drivers/STM32F4xx_HAL_Driver/Src/stm32f4xx_hal_pcd.o
 .debug_abbrev  0x00000000000015fd      0x1ce ./Drivers/STM32F4xx_HAL_Driver/Src/stm32f4xx_hal_pcd_ex.o
 .debug_abbrev  0x00000000000017cb      0x2aa ./Drivers/STM32F4xx_HAL_Driver/Src/stm32f4xx_hal_rcc.o
 .debug_abbrev  0x0000000000001a75      0x26e ./Drivers/STM32F4xx_HAL_Driver/Src/stm32f4xx_hal_tim.o
 .debug_abbrev  0x0000000000001ce3      0x276 ./Drivers/STM32F4xx_HAL_Driver/Src/stm32f4xx_hal_tim_ex.o
 .debug_abbrev  0x0000000000001f59      0x296 ./Drivers/STM32F4xx_HAL_Driver/Src/stm32f4xx_ll_usb.o
 .debug_abbrev  0x00000000000021ef      0x2be ./Middlewares/ST/STM32_USB_Device_Library/Class/CDC/Src/usbd_cdc.o
 .debug_abbrev  0x00000000000024ad      0x263 ./Middlewares/ST/STM32_USB_Device_Library/Core/Src/usbd_core.o
 .debug_abbrev  0x0000000000002710      0x25c ./Middlewares/ST/STM32_USB_Device_Library/Core/Src/usbd_ctlreq.o
 .debug_abbrev  0x000000000000296c      0x18a ./Middlewares/ST/STM32_USB_Device_Library/Core/Src/usbd_ioreq.o
 .debug_abbrev  0x0000000000002af6      0x18a ./USB_DEVICE/App/usb_device.o
 .debug_abbrev  0x0000000000002c80      0x290 ./USB_DEVICE/App/usbd_cdc_if.o
 .debug_abbrev  0x0000000000002f10      0x1da ./USB_DEVICE/App/usbd_desc.o
 .debug_abbrev  0x00000000000030ea      0x32b ./USB_DEVICE/Target/usbd_conf.o

.debug_aranges  0x0000000000000000     0x1250
 .debug_aranges
                0x0000000000000000       0x70 ./Core/Src/main.o
 .debug_aranges
                0x0000000000000070       0x48 ./Core/Src/stm32f4xx_hal_msp.o
 .debug_aranges
                0x00000000000000b8       0x70 ./Core/Src/stm32f4xx_it.o
 .debug_aranges
                0x0000000000000128       0x28 ./Core/Src/system_stm32f4xx.o
 .debug_aranges
                0x0000000000000150       0x28 ./Core/Startup/startup_stm32f401retx.o
 .debug_aranges
                0x0000000000000178       0xf0 ./Drivers/STM32F4xx_HAL_Driver/Src/stm32f4xx_hal.o
 .debug_aranges
                0x0000000000000268       0xe8 ./Drivers/STM32F4xx_HAL_Driver/Src/stm32f4xx_hal_adc.o
 .debug_aranges
                0x0000000000000350      0x118 ./Drivers/STM32F4xx_HAL_Driver/Src/stm32f4xx_hal_cortex.o
 .debug_aranges
                0x0000000000000468       0x90 ./Drivers/STM32F4xx_HAL_Driver/Src/stm32f4xx_hal_dma.o
 .debug_aranges
                0x00000000000004f8       0x58 ./Drivers/STM32F4xx_HAL_Driver/Src/stm32f4xx_hal_gpio.o
 .debug_aranges
                0x0000000000000550      0x148 ./Drivers/STM32F4xx_HAL_Driver/Src/stm32f4xx_hal_pcd.o
 .debug_aranges
                0x0000000000000698       0x38 ./Drivers/STM32F4xx_HAL_Driver/Src/stm32f4xx_hal_pcd_ex.o
 .debug_aranges
                0x00000000000006d0       0x88 ./Drivers/STM32F4xx_HAL_Driver/Src/stm32f4xx_hal_rcc.o
 .debug_aranges
                0x0000000000000758      0x3d0 ./Drivers/STM32F4xx_HAL_Driver/Src/stm32f4xx_hal_tim.o
 .debug_aranges
                0x0000000000000b28      0x168 ./Drivers/STM32F4xx_HAL_Driver/Src/stm32f4xx_hal_tim_ex.o
 .debug_aranges
                0x0000000000000c90      0x1a0 ./Drivers/STM32F4xx_HAL_Driver/Src/stm32f4xx_ll_usb.o
 .debug_aranges
                0x0000000000000e30       0x90 ./Middlewares/ST/STM32_USB_Device_Library/Class/CDC/Src/usbd_cdc.o
 .debug_aranges
                0x0000000000000ec0       0xd8 ./Middlewares/ST/STM32_USB_Device_Library/Core/Src/usbd_core.o
 .debug_aranges
                0x0000000000000f98       0x90 ./Middlewares/ST/STM32_USB_Device_Library/Core/Src/usbd_ctlreq.o
 .debug_aranges
                0x0000000000001028       0x50 ./Middlewares/ST/STM32_USB_Device_Library/Core/Src/usbd_ioreq.o
 .debug_aranges
                0x0000000000001078       0x20 ./USB_DEVICE/App/usb_device.o
 .debug_aranges
                0x0000000000001098       0x48 ./USB_DEVICE/App/usbd_cdc_if.o
 .debug_aranges
                0x00000000000010e0       0x60 ./USB_DEVICE/App/usbd_desc.o
 .debug_aranges
                0x0000000000001140      0x110 ./USB_DEVICE/Target/usbd_conf.o

.debug_ranges   0x0000000000000000     0x10d8
 .debug_ranges  0x0000000000000000       0x60 ./Core/Src/main.o
 .debug_ranges  0x0000000000000060       0x38 ./Core/Src/stm32f4xx_hal_msp.o
 .debug_ranges  0x0000000000000098       0x60 ./Core/Src/stm32f4xx_it.o
 .debug_ranges  0x00000000000000f8       0x18 ./Core/Src/system_stm32f4xx.o
 .debug_ranges  0x0000000000000110       0x20 ./Core/Startup/startup_stm32f401retx.o
 .debug_ranges  0x0000000000000130       0xe0 ./Drivers/STM32F4xx_HAL_Driver/Src/stm32f4xx_hal.o
 .debug_ranges  0x0000000000000210       0xd8 ./Drivers/STM32F4xx_HAL_Driver/Src/stm32f4xx_hal_adc.o
 .debug_ranges  0x00000000000002e8      0x108 ./Drivers/STM32F4xx_HAL_Driver/Src/stm32f4xx_hal_cortex.o
 .debug_ranges  0x00000000000003f0       0x80 ./Drivers/STM32F4xx_HAL_Driver/Src/stm32f4xx_hal_dma.o
 .debug_ranges  0x0000000000000470       0x48 ./Drivers/STM32F4xx_HAL_Driver/Src/stm32f4xx_hal_gpio.o
 .debug_ranges  0x00000000000004b8      0x138 ./Drivers/STM32F4xx_HAL_Driver/Src/stm32f4xx_hal_pcd.o
 .debug_ranges  0x00000000000005f0       0x28 ./Drivers/STM32F4xx_HAL_Driver/Src/stm32f4xx_hal_pcd_ex.o
 .debug_ranges  0x0000000000000618       0x78 ./Drivers/STM32F4xx_HAL_Driver/Src/stm32f4xx_hal_rcc.o
 .debug_ranges  0x0000000000000690      0x3c0 ./Drivers/STM32F4xx_HAL_Driver/Src/stm32f4xx_hal_tim.o
 .debug_ranges  0x0000000000000a50      0x158 ./Drivers/STM32F4xx_HAL_Driver/Src/stm32f4xx_hal_tim_ex.o
 .debug_ranges  0x0000000000000ba8      0x190 ./Drivers/STM32F4xx_HAL_Driver/Src/stm32f4xx_ll_usb.o
 .debug_ranges  0x0000000000000d38       0x80 ./Middlewares/ST/STM32_USB_Device_Library/Class/CDC/Src/usbd_cdc.o
 .debug_ranges  0x0000000000000db8       0xc8 ./Middlewares/ST/STM32_USB_Device_Library/Core/Src/usbd_core.o
 .debug_ranges  0x0000000000000e80       0x80 ./Middlewares/ST/STM32_USB_Device_Library/Core/Src/usbd_ctlreq.o
 .debug_ranges  0x0000000000000f00       0x40 ./Middlewares/ST/STM32_USB_Device_Library/Core/Src/usbd_ioreq.o
 .debug_ranges  0x0000000000000f40       0x10 ./USB_DEVICE/App/usb_device.o
 .debug_ranges  0x0000000000000f50       0x38 ./USB_DEVICE/App/usbd_cdc_if.o
 .debug_ranges  0x0000000000000f88       0x50 ./USB_DEVICE/App/usbd_desc.o
 .debug_ranges  0x0000000000000fd8      0x100 ./USB_DEVICE/Target/usbd_conf.o

.debug_macro    0x0000000000000000    0x1a5e8
 .debug_macro   0x0000000000000000      0x455 ./Core/Src/main.o
 .debug_macro   0x0000000000000455      0xa78 ./Core/Src/main.o
 .debug_macro   0x0000000000000ecd      0x2a1 ./Core/Src/main.o
 .debug_macro   0x000000000000116e       0x2e ./Core/Src/main.o
 .debug_macro   0x000000000000119c       0x28 ./Core/Src/main.o
 .debug_macro   0x00000000000011c4       0x22 ./Core/Src/main.o
 .debug_macro   0x00000000000011e6       0x8e ./Core/Src/main.o
 .debug_macro   0x0000000000001274       0x51 ./Core/Src/main.o
 .debug_macro   0x00000000000012c5      0x103 ./Core/Src/main.o
 .debug_macro   0x00000000000013c8       0x6a ./Core/Src/main.o
 .debug_macro   0x0000000000001432      0x1df ./Core/Src/main.o
 .debug_macro   0x0000000000001611       0x1c ./Core/Src/main.o
 .debug_macro   0x000000000000162d       0x22 ./Core/Src/main.o
 .debug_macro   0x000000000000164f       0xd9 ./Core/Src/main.o
 .debug_macro   0x0000000000001728     0x102d ./Core/Src/main.o
 .debug_macro   0x0000000000002755      0x11f ./Core/Src/main.o
 .debug_macro   0x0000000000002874     0xb86c ./Core/Src/main.o
 .debug_macro   0x000000000000e0e0       0x6d ./Core/Src/main.o
 .debug_macro   0x000000000000e14d     0x367e ./Core/Src/main.o
 .debug_macro   0x00000000000117cb      0x174 ./Core/Src/main.o
 .debug_macro   0x000000000001193f       0x5c ./Core/Src/main.o
 .debug_macro   0x000000000001199b      0x416 ./Core/Src/main.o
 .debug_macro   0x0000000000011db1      0x9fe ./Core/Src/main.o
 .debug_macro   0x00000000000127af      0x115 ./Core/Src/main.o
 .debug_macro   0x00000000000128c4       0xf8 ./Core/Src/main.o
 .debug_macro   0x00000000000129bc       0xa5 ./Core/Src/main.o
 .debug_macro   0x0000000000012a61      0x15f ./Core/Src/main.o
 .debug_macro   0x0000000000012bc0      0x287 ./Core/Src/main.o
 .debug_macro   0x0000000000012e47       0x5f ./Core/Src/main.o
 .debug_macro   0x0000000000012ea6      0x236 ./Core/Src/main.o
 .debug_macro   0x00000000000130dc      0x9e1 ./Core/Src/main.o
 .debug_macro   0x0000000000013abd      0x38b ./Core/Src/main.o
 .debug_macro   0x0000000000013e48      0x176 ./Core/Src/main.o
 .debug_macro   0x0000000000013fbe       0xf9 ./Core/Src/main.o
 .debug_macro   0x00000000000140b7      0x132 ./Core/Src/main.o
 .debug_macro   0x00000000000141e9      0x264 ./Core/Src/main.o
 .debug_macro   0x000000000001444d       0x2e ./Core/Src/main.o
 .debug_macro   0x000000000001447b      0x11a ./Core/Src/main.o
 .debug_macro   0x0000000000014595       0x85 ./Core/Src/main.o
 .debug_macro   0x000000000001461a       0x89 ./Core/Src/main.o
 .debug_macro   0x00000000000146a3      0x8e6 ./Core/Src/main.o
 .debug_macro   0x0000000000014f89       0x47 ./Core/Src/main.o
 .debug_macro   0x0000000000014fd0      0x248 ./Core/Src/main.o
 .debug_macro   0x0000000000015218       0xba ./Core/Src/main.o
 .debug_macro   0x00000000000152d2      0x126 ./Core/Src/main.o
 .debug_macro   0x00000000000153f8       0x52 ./Core/Src/main.o
 .debug_macro   0x000000000001544a       0x1e ./Core/Src/main.o
 .debug_macro   0x0000000000015468       0x3c ./Core/Src/main.o
 .debug_macro   0x00000000000154a4       0x34 ./Core/Src/main.o
 .debug_macro   0x00000000000154d8       0x16 ./Core/Src/main.o
 .debug_macro   0x00000000000154ee       0x35 ./Core/Src/main.o
 .debug_macro   0x0000000000015523      0x341 ./Core/Src/main.o
 .debug_macro   0x0000000000015864       0x10 ./Core/Src/main.o
 .debug_macro   0x0000000000015874       0x16 ./Core/Src/main.o
 .debug_macro   0x000000000001588a       0x43 ./Core/Src/main.o
 .debug_macro   0x00000000000158cd       0x34 ./Core/Src/main.o
 .debug_macro   0x0000000000015901       0x10 ./Core/Src/main.o
 .debug_macro   0x0000000000015911       0x58 ./Core/Src/main.o
 .debug_macro   0x0000000000015969       0x71 ./Core/Src/main.o
 .debug_macro   0x00000000000159da       0x1c ./Core/Src/main.o
 .debug_macro   0x00000000000159f6      0x12a ./Core/Src/main.o
 .debug_macro   0x0000000000015b20       0x10 ./Core/Src/main.o
 .debug_macro   0x0000000000015b30       0x1c ./Core/Src/main.o
 .debug_macro   0x0000000000015b4c       0x52 ./Core/Src/main.o
 .debug_macro   0x0000000000015b9e       0x22 ./Core/Src/main.o
 .debug_macro   0x0000000000015bc0       0x10 ./Core/Src/main.o
 .debug_macro   0x0000000000015bd0       0x52 ./Core/Src/main.o
 .debug_macro   0x0000000000015c22       0xd5 ./Core/Src/main.o
 .debug_macro   0x0000000000015cf7       0x1c ./Core/Src/main.o
 .debug_macro   0x0000000000015d13       0x3d ./Core/Src/main.o
 .debug_macro   0x0000000000015d50       0x16 ./Core/Src/main.o
 .debug_macro   0x0000000000015d66      0x145 ./Core/Src/main.o
 .debug_macro   0x0000000000015eab       0x16 ./Core/Src/main.o
 .debug_macro   0x0000000000015ec1       0x16 ./Core/Src/main.o
 .debug_macro   0x0000000000015ed7       0x29 ./Core/Src/main.o
 .debug_macro   0x0000000000015f00       0x16 ./Core/Src/main.o
 .debug_macro   0x0000000000015f16       0x20 ./Core/Src/main.o
 .debug_macro   0x0000000000015f36       0x65 ./Core/Src/main.o
 .debug_macro   0x0000000000015f9b      0x20f ./Core/Src/main.o
 .debug_macro   0x00000000000161aa       0x95 ./Core/Src/main.o
 .debug_macro   0x000000000001623f       0x10 ./Core/Src/main.o
 .debug_macro   0x000000000001624f      0x21a ./Core/Src/stm32f4xx_hal_msp.o
 .debug_macro   0x0000000000016469      0x224 ./Core/Src/stm32f4xx_it.o
 .debug_macro   0x000000000001668d      0x210 ./Core/Src/system_stm32f4xx.o
 .debug_macro   0x000000000001689d      0x270 ./Drivers/STM32F4xx_HAL_Driver/Src/stm32f4xx_hal.o
 .debug_macro   0x0000000000016b0d      0x211 ./Drivers/STM32F4xx_HAL_Driver/Src/stm32f4xx_hal_adc.o
 .debug_macro   0x0000000000016d1e      0x210 ./Drivers/STM32F4xx_HAL_Driver/Src/stm32f4xx_hal_cortex.o
 .debug_macro   0x0000000000016f2e      0x216 ./Drivers/STM32F4xx_HAL_Driver/Src/stm32f4xx_hal_dma.o
 .debug_macro   0x0000000000017144      0x216 ./Drivers/STM32F4xx_HAL_Driver/Src/stm32f4xx_hal_gpio.o
 .debug_macro   0x000000000001735a      0x21c ./Drivers/STM32F4xx_HAL_Driver/Src/stm32f4xx_hal_pcd.o
 .debug_macro   0x0000000000017576      0x210 ./Drivers/STM32F4xx_HAL_Driver/Src/stm32f4xx_hal_pcd_ex.o
 .debug_macro   0x0000000000017786      0x234 ./Drivers/STM32F4xx_HAL_Driver/Src/stm32f4xx_hal_rcc.o
 .debug_macro   0x00000000000179ba      0x211 ./Drivers/STM32F4xx_HAL_Driver/Src/stm32f4xx_hal_tim.o
 .debug_macro   0x0000000000017bcb      0x210 ./Drivers/STM32F4xx_HAL_Driver/Src/stm32f4xx_hal_tim_ex.o
 .debug_macro   0x0000000000017ddb      0x210 ./Drivers/STM32F4xx_HAL_Driver/Src/stm32f4xx_ll_usb.o
 .debug_macro   0x0000000000017feb      0x430 ./Middlewares/ST/STM32_USB_Device_Library/Class/CDC/Src/usbd_cdc.o
 .debug_macro   0x000000000001841b       0x97 ./Middlewares/ST/STM32_USB_Device_Library/Class/CDC/Src/usbd_cdc.o
 .debug_macro   0x00000000000184b2       0xfd ./Middlewares/ST/STM32_USB_Device_Library/Class/CDC/Src/usbd_cdc.o
 .debug_macro   0x00000000000185af       0x56 ./Middlewares/ST/STM32_USB_Device_Library/Class/CDC/Src/usbd_cdc.o
 .debug_macro   0x0000000000018605      0x417 ./Middlewares/ST/STM32_USB_Device_Library/Core/Src/usbd_core.o
 .debug_macro   0x0000000000018a1c      0x215 ./Middlewares/ST/STM32_USB_Device_Library/Core/Src/usbd_core.o
 .debug_macro   0x0000000000018c31      0x421 ./Middlewares/ST/STM32_USB_Device_Library/Core/Src/usbd_ctlreq.o
 .debug_macro   0x0000000000019052      0x41d ./Middlewares/ST/STM32_USB_Device_Library/Core/Src/usbd_ioreq.o
 .debug_macro   0x000000000001946f      0x456 ./USB_DEVICE/App/usb_device.o
 .debug_macro   0x00000000000198c5       0x22 ./USB_DEVICE/App/usb_device.o
 .debug_macro   0x00000000000198e7       0x16 ./USB_DEVICE/App/usb_device.o
 .debug_macro   0x00000000000198fd      0x43b ./USB_DEVICE/App/usbd_cdc_if.o
 .debug_macro   0x0000000000019d38      0x45a ./USB_DEVICE/App/usbd_desc.o
 .debug_macro   0x000000000001a192       0x1c ./USB_DEVICE/App/usbd_desc.o
 .debug_macro   0x000000000001a1ae      0x43a ./USB_DEVICE/Target/usbd_conf.o

.debug_line     0x0000000000000000    0x1693b
 .debug_line    0x0000000000000000      0xd89 ./Core/Src/main.o
 .debug_line    0x0000000000000d89      0x8af ./Core/Src/stm32f4xx_hal_msp.o
 .debug_line    0x0000000000001638      0x82c ./Core/Src/stm32f4xx_it.o
 .debug_line    0x0000000000001e64      0x7bb ./Core/Src/system_stm32f4xx.o
 .debug_line    0x000000000000261f       0x88 ./Core/Startup/startup_stm32f401retx.o
 .debug_line    0x00000000000026a7      0xa21 ./Drivers/STM32F4xx_HAL_Driver/Src/stm32f4xx_hal.o
 .debug_line    0x00000000000030c8     0x11cb ./Drivers/STM32F4xx_HAL_Driver/Src/stm32f4xx_hal_adc.o
 .debug_line    0x0000000000004293      0xcd0 ./Drivers/STM32F4xx_HAL_Driver/Src/stm32f4xx_hal_cortex.o
 .debug_line    0x0000000000004f63      0xf85 ./Drivers/STM32F4xx_HAL_Driver/Src/stm32f4xx_hal_dma.o
 .debug_line    0x0000000000005ee8      0xb59 ./Drivers/STM32F4xx_HAL_Driver/Src/stm32f4xx_hal_gpio.o
 .debug_line    0x0000000000006a41     0x14c4 ./Drivers/STM32F4xx_HAL_Driver/Src/stm32f4xx_hal_pcd.o
 .debug_line    0x0000000000007f05      0x804 ./Drivers/STM32F4xx_HAL_Driver/Src/stm32f4xx_hal_pcd_ex.o
 .debug_line    0x0000000000008709      0xd9b ./Drivers/STM32F4xx_HAL_Driver/Src/stm32f4xx_hal_rcc.o
 .debug_line    0x00000000000094a4     0x34ef ./Drivers/STM32F4xx_HAL_Driver/Src/stm32f4xx_hal_tim.o
 .debug_line    0x000000000000c993     0x19b9 ./Drivers/STM32F4xx_HAL_Driver/Src/stm32f4xx_hal_tim_ex.o
 .debug_line    0x000000000000e34c     0x1ade ./Drivers/STM32F4xx_HAL_Driver/Src/stm32f4xx_ll_usb.o
 .debug_line    0x000000000000fe2a      0xf4e ./Middlewares/ST/STM32_USB_Device_Library/Class/CDC/Src/usbd_cdc.o
 .debug_line    0x0000000000010d78      0xfc8 ./Middlewares/ST/STM32_USB_Device_Library/Core/Src/usbd_core.o
 .debug_line    0x0000000000011d40     0x1199 ./Middlewares/ST/STM32_USB_Device_Library/Core/Src/usbd_ctlreq.o
 .debug_line    0x0000000000012ed9      0xae0 ./Middlewares/ST/STM32_USB_Device_Library/Core/Src/usbd_ioreq.o
 .debug_line    0x00000000000139b9      0xa9c ./USB_DEVICE/App/usb_device.o
 .debug_line    0x0000000000014455      0xaff ./USB_DEVICE/App/usbd_cdc_if.o
 .debug_line    0x0000000000014f54      0xb65 ./USB_DEVICE/App/usbd_desc.o
 .debug_line    0x0000000000015ab9      0xe82 ./USB_DEVICE/Target/usbd_conf.o

.debug_str      0x0000000000000000    0x9ab18
 .debug_str     0x0000000000000000    0x9631f ./Core/Src/main.o
                                      0x96728 (size before relaxing)
 .debug_str     0x000000000009631f      0x12a ./Core/Src/stm32f4xx_hal_msp.o
                                      0x9135b (size before relaxing)
 .debug_str     0x0000000000096449      0x46e ./Core/Src/stm32f4xx_it.o
                                      0x910e6 (size before relaxing)
 .debug_str     0x00000000000968b7       0xdb ./Core/Src/system_stm32f4xx.o
                                      0x90bd6 (size before relaxing)
 .debug_str     0x0000000000096992       0x36 ./Core/Startup/startup_stm32f401retx.o
                                         0x7b (size before relaxing)
 .debug_str     0x00000000000969c8      0x60d ./Drivers/STM32F4xx_HAL_Driver/Src/stm32f4xx_hal.o
                                      0x915f8 (size before relaxing)
 .debug_str     0x0000000000096fd5      0x2a2 ./Drivers/STM32F4xx_HAL_Driver/Src/stm32f4xx_hal_adc.o
                                      0x911b1 (size before relaxing)
 .debug_str     0x0000000000097277      0x33a ./Drivers/STM32F4xx_HAL_Driver/Src/stm32f4xx_hal_cortex.o
                                      0x91319 (size before relaxing)
 .debug_str     0x00000000000975b1      0x2cf ./Drivers/STM32F4xx_HAL_Driver/Src/stm32f4xx_hal_dma.o
                                      0x90fde (size before relaxing)
 .debug_str     0x0000000000097880      0x15d ./Drivers/STM32F4xx_HAL_Driver/Src/stm32f4xx_hal_gpio.o
                                      0x90d51 (size before relaxing)
 .debug_str     0x00000000000979dd      0x832 ./Drivers/STM32F4xx_HAL_Driver/Src/stm32f4xx_hal_pcd.o
                                      0x91686 (size before relaxing)
 .debug_str     0x000000000009820f      0x115 ./Drivers/STM32F4xx_HAL_Driver/Src/stm32f4xx_hal_pcd_ex.o
                                      0x90f75 (size before relaxing)
 .debug_str     0x0000000000098324      0x21f ./Drivers/STM32F4xx_HAL_Driver/Src/stm32f4xx_hal_rcc.o
                                      0x9100a (size before relaxing)
 .debug_str     0x0000000000098543      0xce4 ./Drivers/STM32F4xx_HAL_Driver/Src/stm32f4xx_hal_tim.o
                                      0x91f3e (size before relaxing)
 .debug_str     0x0000000000099227      0x493 ./Drivers/STM32F4xx_HAL_Driver/Src/stm32f4xx_hal_tim_ex.o
                                      0x9175a (size before relaxing)
 .debug_str     0x00000000000996ba      0x44d ./Drivers/STM32F4xx_HAL_Driver/Src/stm32f4xx_ll_usb.o
                                      0x914ee (size before relaxing)
 .debug_str     0x0000000000099b07      0x6fe ./Middlewares/ST/STM32_USB_Device_Library/Class/CDC/Src/usbd_cdc.o
                                      0x961d6 (size before relaxing)
 .debug_str     0x000000000009a205      0x35c ./Middlewares/ST/STM32_USB_Device_Library/Core/Src/usbd_core.o
                                      0x95b4c (size before relaxing)
 .debug_str     0x000000000009a561      0x139 ./Middlewares/ST/STM32_USB_Device_Library/Core/Src/usbd_ctlreq.o
                                      0x95977 (size before relaxing)
 .debug_str     0x000000000009a69a       0x51 ./Middlewares/ST/STM32_USB_Device_Library/Core/Src/usbd_ioreq.o
                                      0x9584c (size before relaxing)